src/components/PilotoCuadraticas.tsx(152,115): error TS7006: Parameter 'v' implicitly has an 'any' type.
src/components/PilotoCuadraticas.tsx(153,117): error TS7006: Parameter 'v' implicitly has an 'any' type.
src/components/PilotoCuadraticas.tsx(154,120): error TS7006: Parameter 'v' implicitly has an 'any' type.
src/components/PilotoDerivadas.tsx(16,93): error TS2339: Property 'setDerivada8' does not exist on type 'SimuladorState'.
src/components/PilotoDestilacionFraccionada.tsx(154,40): error TS2339: Property 'playGuide' does not exist on type '{ playClick: () => void; playPop: () => void; playSuccess: () => void; playError: () => void; playNotification: () => void; playVictory: () => void; }'.
src/components/PilotoDestilacionFraccionada.tsx(156,40): error TS2339: Property 'playGuide' does not exist on type '{ playClick: () => void; playPop: () => void; playSuccess: () => void; playError: () => void; playNotification: () => void; playVictory: () => void; }'.
src/components/PilotoDilatacionTermica.tsx(84,14): error TS2339: Property 'playGuide' does not exist on type '{ playClick: () => void; playPop: () => void; playSuccess: () => void; playError: () => void; playNotification: () => void; playVictory: () => void; }'.
src/components/PilotoDilatacionTermica.tsx(92,14): error TS2339: Property 'playGuide' does not exist on type '{ playClick: () => void; playPop: () => void; playSuccess: () => void; playError: () => void; playNotification: () => void; playVictory: () => void; }'.
src/components/PilotoElectrostatica.tsx(31,7): error TS2353: Object literal may only specify known properties, and 'mensaje' does not exist in type 'Partial<{ visible: boolean; text: string; mascot: "dr_quantum" | "dra_helix"; pose: "neutral" | "happy" | "warning" | "thinking"; }>'.
src/components/PilotoElectrostatica.tsx(62,9): error TS2353: Object literal may only specify known properties, and 'mensaje' does not exist in type 'Partial<{ visible: boolean; text: string; mascot: "dr_quantum" | "dra_helix"; pose: "neutral" | "happy" | "warning" | "thinking"; }>'.
src/components/PilotoElectrostatica.tsx(73,9): error TS2322: Type '"error"' is not assignable to type '"neutral" | "happy" | "warning" | "thinking" | undefined'.
src/components/PilotoGalton.tsx(16,31): error TS2339: Property 'generarSemillaM10' does not exist on type 'SimuladorState'.
src/components/PilotoGalton.tsx(16,98): error TS2339: Property 'setGalton10' does not exist on type 'SimuladorState'.
src/components/PilotoLeyHooke.tsx(82,12): error TS2339: Property 'playGuide' does not exist on type '{ playClick: () => void; playPop: () => void; playSuccess: () => void; playError: () => void; playNotification: () => void; playVictory: () => void; }'.
src/components/PilotoLeyOhm.tsx(66,14): error TS2339: Property 'playGuide' does not exist on type '{ playClick: () => void; playPop: () => void; playSuccess: () => void; playError: () => void; playNotification: () => void; playVictory: () => void; }'.
src/components/PilotoLeyOhm.tsx(94,16): error TS2339: Property 'playGuide' does not exist on type '{ playClick: () => void; playPop: () => void; playSuccess: () => void; playError: () => void; playNotification: () => void; playVictory: () => void; }'.
src/components/PilotoLeyOhm.tsx(96,16): error TS2339: Property 'playGuide' does not exist on type '{ playClick: () => void; playPop: () => void; playSuccess: () => void; playError: () => void; playNotification: () => void; playVictory: () => void; }'.
src/components/PilotoLeyOhm.tsx(98,16): error TS2339: Property 'playGuide' does not exist on type '{ playClick: () => void; playPop: () => void; playSuccess: () => void; playError: () => void; playNotification: () => void; playVictory: () => void; }'.
src/components/PilotoLeyOhm.tsx(111,14): error TS2339: Property 'playGuide' does not exist on type '{ playClick: () => void; playPop: () => void; playSuccess: () => void; playError: () => void; playNotification: () => void; playVictory: () => void; }'.
src/components/PilotoMicroscopioVirtual.tsx(94,5): error TS2552: Cannot find name 'audio'. Did you mean 'Audio'?
src/components/PilotoMicroscopioVirtual.tsx(99,9): error TS2552: Cannot find name 'audio'. Did you mean 'Audio'?
src/components/PilotoMicroscopioVirtual.tsx(106,9): error TS2552: Cannot find name 'audio'. Did you mean 'Audio'?
src/components/PilotoMicroscopioVirtual.tsx(219,21): error TS2552: Cannot find name 'audio'. Did you mean 'Audio'?
src/components/PilotoMicroscopioVirtual.tsx(256,29): error TS2552: Cannot find name 'audio'. Did you mean 'Audio'?
src/components/PilotoMotorElectrico.tsx(70,14): error TS2339: Property 'playGuide' does not exist on type '{ playClick: () => void; playPop: () => void; playSuccess: () => void; playError: () => void; playNotification: () => void; playVictory: () => void; }'.
src/components/PilotoMotorElectrico.tsx(81,16): error TS2339: Property 'playGuide' does not exist on type '{ playClick: () => void; playPop: () => void; playSuccess: () => void; playError: () => void; playNotification: () => void; playVictory: () => void; }'.
src/components/PilotoMotorElectrico.tsx(83,16): error TS2339: Property 'playGuide' does not exist on type '{ playClick: () => void; playPop: () => void; playSuccess: () => void; playError: () => void; playNotification: () => void; playVictory: () => void; }'.
src/components/PilotoMotorElectrico.tsx(85,16): error TS2339: Property 'playGuide' does not exist on type '{ playClick: () => void; playPop: () => void; playSuccess: () => void; playError: () => void; playNotification: () => void; playVictory: () => void; }'.
src/components/PilotoMotorElectrico.tsx(87,16): error TS2339: Property 'playGuide' does not exist on type '{ playClick: () => void; playPop: () => void; playSuccess: () => void; playError: () => void; playNotification: () => void; playVictory: () => void; }'.
src/components/PilotoPenduloSimple.tsx(133,16): error TS2339: Property 'playGuide' does not exist on type '{ playClick: () => void; playPop: () => void; playSuccess: () => void; playError: () => void; playNotification: () => void; playVictory: () => void; }'.
src/components/PilotoPenduloSimple.tsx(138,16): error TS2339: Property 'playGuide' does not exist on type '{ playClick: () => void; playPop: () => void; playSuccess: () => void; playError: () => void; playNotification: () => void; playVictory: () => void; }'.
src/components/PilotoPenduloSimple.tsx(156,16): error TS2339: Property 'playGuide' does not exist on type '{ playClick: () => void; playPop: () => void; playSuccess: () => void; playError: () => void; playNotification: () => void; playVictory: () => void; }'.
src/components/PilotoPenduloSimple.tsx(185,16): error TS2339: Property 'playGuide' does not exist on type '{ playClick: () => void; playPop: () => void; playSuccess: () => void; playError: () => void; playNotification: () => void; playVictory: () => void; }'.
src/components/PilotoPenduloSimple.tsx(193,16): error TS2339: Property 'playGuide' does not exist on type '{ playClick: () => void; playPop: () => void; playSuccess: () => void; playError: () => void; playNotification: () => void; playVictory: () => void; }'.
src/components/PilotoPenduloSimple.tsx(437,27): error TS2339: Property 'playGuide' does not exist on type '{ playClick: () => void; playPop: () => void; playSuccess: () => void; playError: () => void; playNotification: () => void; playVictory: () => void; }'.
src/components/PilotoPitagoras.tsx(135,129): error TS7006: Parameter 'v' implicitly has an 'any' type.
src/components/PilotoPitagoras.tsx(138,132): error TS7006: Parameter 'v' implicitly has an 'any' type.
src/components/PilotoPlanoInclinado.tsx(91,12): error TS2339: Property 'playGuide' does not exist on type '{ playClick: () => void; playPop: () => void; playSuccess: () => void; playError: () => void; playNotification: () => void; playVictory: () => void; }'.
src/components/PilotoPlanoInclinado.tsx(130,15): error TS2339: Property 'playGuide' does not exist on type '{ playClick: () => void; playPop: () => void; playSuccess: () => void; playError: () => void; playNotification: () => void; playVictory: () => void; }'.
src/components/PilotoPlanoInclinado.tsx(135,15): error TS2339: Property 'playGuide' does not exist on type '{ playClick: () => void; playPop: () => void; playSuccess: () => void; playError: () => void; playNotification: () => void; playVictory: () => void; }'.
src/components/PilotoPrensaHidraulica.tsx(86,14): error TS2339: Property 'playGuide' does not exist on type '{ playClick: () => void; playPop: () => void; playSuccess: () => void; playError: () => void; playNotification: () => void; playVictory: () => void; }'.
src/components/PilotoPrensaHidraulica.tsx(93,14): error TS2339: Property 'playGuide' does not exist on type '{ playClick: () => void; playPop: () => void; playSuccess: () => void; playError: () => void; playNotification: () => void; playVictory: () => void; }'.
src/components/PilotoPrensaHidraulica.tsx(214,16): error TS2304: Cannot find name 'Bot'.
src/components/PilotoPreparacionSoluciones.tsx(68,14): error TS2339: Property 'playGuide' does not exist on type '{ playClick: () => void; playPop: () => void; playSuccess: () => void; playError: () => void; playNotification: () => void; playVictory: () => void; }'.
src/components/PilotoPreparacionSoluciones.tsx(71,14): error TS2339: Property 'playGuide' does not exist on type '{ playClick: () => void; playPop: () => void; playSuccess: () => void; playError: () => void; playNotification: () => void; playVictory: () => void; }'.
src/components/PilotoPreparacionSoluciones.tsx(172,16): error TS2304: Cannot find name 'Activity'.
src/components/PilotoReactivoLimitante.tsx(88,12): error TS2339: Property 'playGuide' does not exist on type '{ playClick: () => void; playPop: () => void; playSuccess: () => void; playError: () => void; playNotification: () => void; playVictory: () => void; }'.
src/components/PilotoReactivoLimitante.tsx(95,16): error TS2339: Property 'playGuide' does not exist on type '{ playClick: () => void; playPop: () => void; playSuccess: () => void; playError: () => void; playNotification: () => void; playVictory: () => void; }'.
src/components/PilotoReactivoLimitante.tsx(98,16): error TS2339: Property 'playGuide' does not exist on type '{ playClick: () => void; playPop: () => void; playSuccess: () => void; playError: () => void; playNotification: () => void; playVictory: () => void; }'.
src/components/PilotoSistemas2x2.tsx(147,122): error TS7006: Parameter 'v' implicitly has an 'any' type.
src/components/PilotoSistemas2x2.tsx(148,123): error TS7006: Parameter 'v' implicitly has an 'any' type.
src/components/PilotoSistemas2x2.tsx(157,122): error TS7006: Parameter 'v' implicitly has an 'any' type.
src/components/PilotoSistemas2x2.tsx(158,123): error TS7006: Parameter 'v' implicitly has an 'any' type.
src/components/PilotoSnell.tsx(26,14): error TS2339: Property 'playGuide' does not exist on type '{ playClick: () => void; playPop: () => void; playSuccess: () => void; playError: () => void; playNotification: () => void; playVictory: () => void; }'.
src/components/PilotoSolubilidadCristalizacion.tsx(90,7): error TS2448: Block-scoped variable 'salSolida' used before its declaration.
src/components/PilotoSolubilidadCristalizacion.tsx(90,7): error TS2454: Variable 'salSolida' is used before being assigned.
src/components/PilotoSolubilidadCristalizacion.tsx(151,16): error TS2304: Cannot find name 'Activity'.
src/components/PilotoTiroParabolico.tsx(19,15): error TS2339: Property 'playGuide' does not exist on type '{ playClick: () => void; playPop: () => void; playSuccess: () => void; playError: () => void; playNotification: () => void; playVictory: () => void; }'.
src/components/PilotoTiroParabolico.tsx(35,15): error TS2339: Property 'playGuide' does not exist on type '{ playClick: () => void; playPop: () => void; playSuccess: () => void; playError: () => void; playNotification: () => void; playVictory: () => void; }'.
src/components/PilotoTiroParabolico.tsx(38,15): error TS2339: Property 'playGuide' does not exist on type '{ playClick: () => void; playPop: () => void; playSuccess: () => void; playError: () => void; playNotification: () => void; playVictory: () => void; }'.
src/components/PilotoTiroParabolico.tsx(41,15): error TS2339: Property 'playGuide' does not exist on type '{ playClick: () => void; playPop: () => void; playSuccess: () => void; playError: () => void; playNotification: () => void; playVictory: () => void; }'.
src/components/PilotoTiroParabolico.tsx(124,16): error TS2304: Cannot find name 'Activity'.
src/components/PilotoTitulacionAcidoBase.tsx(75,15): error TS2339: Property 'playGuide' does not exist on type '{ playClick: () => void; playPop: () => void; playSuccess: () => void; playError: () => void; playNotification: () => void; playVictory: () => void; }'.
src/components/PilotoTitulacionAcidoBase.tsx(79,15): error TS2339: Property 'playGuide' does not exist on type '{ playClick: () => void; playPop: () => void; playSuccess: () => void; playError: () => void; playNotification: () => void; playVictory: () => void; }'.
src/components/PilotoTitulacionAcidoBase.tsx(328,29): error TS2339: Property 'playGuide' does not exist on type '{ playClick: () => void; playPop: () => void; playSuccess: () => void; playError: () => void; playNotification: () => void; playVictory: () => void; }'.
src/components/PilotoTitulacionAcidoBase.tsx(339,29): error TS2339: Property 'playGuide' does not exist on type '{ playClick: () => void; playPop: () => void; playSuccess: () => void; playError: () => void; playNotification: () => void; playVictory: () => void; }'.
src/components/PilotoTransformaciones.tsx(138,117): error TS7006: Parameter 'v' implicitly has an 'any' type.
src/components/PilotoTransformaciones.tsx(139,117): error TS7006: Parameter 'v' implicitly has an 'any' type.
src/components/PilotoTransformaciones.tsx(142,124): error TS7006: Parameter 'v' implicitly has an 'any' type.
src/components/PilotoTransformaciones.tsx(143,118): error TS7006: Parameter 'v' implicitly has an 'any' type.
src/components/simuladores/mat10/Galton3DScene.tsx(76,57): error TS2322: Type '{ args: [number, number, number, number]; rotation: number[]; }' is not assignable to type 'Mutable<Overwrite<Partial<Overwrite<CylinderGeometry, MathProps<CylinderGeometry> & ReactProps<CylinderGeometry>>>, Omit<...>>>'.
  Property 'rotation' does not exist on type 'Mutable<Overwrite<Partial<Overwrite<CylinderGeometry, MathProps<CylinderGeometry> & ReactProps<CylinderGeometry>>>, Omit<...>>>'.
src/store/types.ts(141,3): error TS2300: Duplicate identifier 'validarP5'.
src/store/types.ts(142,3): error TS2300: Duplicate identifier 'validarP5'.
