src/app/alumno/simulador/[id]/SimuladorClient.tsx(331,38): error TS2551: Property 'validarQ1' does not exist on type 'SimuladorState'. Did you mean 'validarQ2'?
src/app/alumno/simulador/[id]/SimuladorClient.tsx(334,22): error TS2551: Property 'validarQ3' does not exist on type 'SimuladorState'. Did you mean 'validarQ2'?
src/components/bitacoras/BitacoraTitulacionAcidoBase.tsx(218,26): error TS2304: Cannot find name 'BookOpen'.
src/components/simuladores/qmi03/Fusion3DScene.tsx(213,82): error TS2322: Type '{ args: [number, number, string, string]; position: [number, number, number]; opacity: number; transparent: true; }' is not assignable to type 'Mutable<Overwrite<Partial<Overwrite<GridHelper, MathProps<GridHelper> & ReactProps<GridHelper> & Partial<EventHandlers>>>, Omit<...>>>'.
  Property 'opacity' does not exist on type 'Mutable<Overwrite<Partial<Overwrite<GridHelper, MathProps<GridHelper> & ReactProps<GridHelper> & Partial<EventHandlers>>>, Omit<...>>>'.
src/components/simuladores/qmi03/Fusion3DScene.tsx(377,13): error TS2322: Type 'false | Element' is not assignable to type 'Element'.
  Type 'boolean' is not assignable to type 'ReactElement<any, any>'.
src/components/simuladores/qmi03/Fusion3DScene.tsx(377,32): error TS2322: Type '[number, number]' is not assignable to type '(Vector2 & (number | Vector2 | MutableOrReadonlyParameters<(x: number, y: number) => Vector2>)) | undefined'.
  Type '[number, number]' is not assignable to type 'Vector2 & [x: number, y: number]'.
    Type '[number, number]' is not assignable to type 'Vector2'.
src/components/simuladores/qmi03/Fusion3DScene.tsx(377,47): error TS2322: Type '[number, number]' is not assignable to type '(Vector2 & (number | Vector2 | MutableOrReadonlyParameters<(x: number, y: number) => Vector2>)) | undefined'.
  Type '[number, number]' is not assignable to type 'Vector2 & [x: number, y: number]'.
    Type '[number, number]' is not assignable to type 'Vector2'.
src/components/simuladores/qmi03/Fusion3DScene.tsx(377,69): error TS2322: Type '[number, number]' is not assignable to type '(Vector2 & (number | Vector2 | MutableOrReadonlyParameters<(x: number, y: number) => Vector2>)) | undefined'.
  Type '[number, number]' is not assignable to type 'Vector2 & [x: number, y: number]'.
    Type '[number, number]' is not assignable to type 'Vector2'.
