// Jest Snapshot v1, https://goo.gl/fbAQLP

exports[`golden master — catálogo por categoría (invariante ante extracción a src/labs) catalogoDeCategoria('biologia') 1`] = `
[
  {
    "destacada": true,
    "duracion": "30 min",
    "estado": "activo",
    "id": "biologia-1",
    "modulo": "Biología Celular y Molecular",
    "orden": 1,
    "teoria": "Explora la ultraestructura celular haciendo zoom profundo desde el tejido hasta los orgánulos operando en tiempo real.",
    "titulo": "Microscopio Virtual",
  },
  {
    "duracion": "35 min",
    "estado": "activo",
    "id": "biologia-2",
    "modulo": "Biología Celular y Molecular",
    "orden": 2,
    "teoria": "Manipula los gradientes de concentración y observa la ósmosis y la difusión a través de una membrana semipermeable.",
    "titulo": "Transporte Celular",
  },
  {
    "duracion": "40 min",
    "estado": "activo",
    "id": "biologia-3",
    "modulo": "Biología Celular y Molecular",
    "orden": 3,
    "teoria": "Simula el dogma central de la biología: transcribe ADN a ARN mensajero y traduce el código en una cadena de aminoácidos.",
    "titulo": "Síntesis de Proteínas",
  },
  {
    "duracion": "45 min",
    "estado": "activo",
    "id": "biologia-4",
    "modulo": "Biología Celular y Molecular",
    "orden": 4,
    "teoria": "Ajusta la intensidad luminosa y el espectro de color para maximizar la producción de oxígeno en una planta acuática.",
    "titulo": "Laboratorio de Fotosíntesis",
  },
  {
    "duracion": "30 min",
    "estado": "activo",
    "id": "biologia-5",
    "modulo": "Genética y Evolución",
    "orden": 5,
    "teoria": "Cruza fenotipos parentales y analiza estadísticamente las proporciones genéticas de cientos de descendientes generados al instante.",
    "titulo": "Leyes de Mendel",
  },
  {
    "duracion": "40 min",
    "estado": "activo",
    "id": "biologia-6",
    "modulo": "Genética y Evolución",
    "orden": 6,
    "teoria": "Ejerce presión selectiva como depredador en diferentes ecosistemas y observa cómo la población de polillas se adapta para sobrevivir.",
    "titulo": "Selección Natural",
  },
  {
    "duracion": "35 min",
    "estado": "activo",
    "id": "biologia-7",
    "modulo": "Anatomía y Ecología",
    "orden": 7,
    "teoria": "Aplica un estímulo físico y rastrea el impulso eléctrico desde el nervio sensorial hasta la contracción muscular involuntaria.",
    "titulo": "Sistema Nervioso (Arco Reflejo)",
  },
  {
    "duracion": "40 min",
    "estado": "activo",
    "id": "biologia-8",
    "modulo": "Anatomía y Ecología",
    "orden": 8,
    "teoria": "Monitorea la actividad eléctrica del corazón y observa cómo responde el trazado de la onda PQRST ante cambios fisiológicos.",
    "titulo": "Electrocardiograma (ECG)",
  },
  {
    "duracion": "45 min",
    "estado": "activo",
    "id": "biologia-9",
    "modulo": "Anatomía y Ecología",
    "orden": 9,
    "teoria": "Visualiza la acción enzimática descomponiendo macronutrientes a nivel molecular y su posterior absorción en el torrente sanguíneo.",
    "titulo": "Sistema Digestivo",
  },
  {
    "duracion": "35 min",
    "estado": "activo",
    "id": "biologia-10",
    "modulo": "Anatomía y Ecología",
    "orden": 10,
    "teoria": "Altera las tasas de natalidad y depredación en un ecosistema simulado para observar las fluctuaciones del modelo Depredador-Presa.",
    "titulo": "Dinámica de Poblaciones",
  },
]
`;

exports[`golden master — catálogo por categoría (invariante ante extracción a src/labs) catalogoDeCategoria('fisica') 1`] = `
[
  {
    "destacada": true,
    "duracion": "30 min",
    "estado": "activo",
    "id": "fisica-1",
    "modulo": "Mecánica",
    "orden": 1,
    "teoria": "Analiza la trayectoria de un proyectil descomponiendo la velocidad inicial en sus vectores X e Y bajo la influencia de la gravedad.",
    "titulo": "Tiro Parabólico",
  },
  {
    "duracion": "40 min",
    "estado": "activo",
    "id": "fisica-2",
    "modulo": "Mecánica",
    "orden": 2,
    "teoria": "Observa la interacción de las fuerzas normal, peso y fricción en un bloque sobre una rampa con ángulo ajustable.",
    "titulo": "Leyes de Newton (Plano Inclinado)",
  },
  {
    "duracion": "35 min",
    "estado": "activo",
    "id": "fisica-3",
    "modulo": "Mecánica",
    "orden": 3,
    "teoria": "Explora la conservación de la energía mecánica y calcula la gravedad alterando la longitud de la cuerda y la masa.",
    "titulo": "Péndulo Simple",
  },
  {
    "duracion": "30 min",
    "estado": "activo",
    "id": "fisica-4",
    "modulo": "Mecánica",
    "orden": 4,
    "teoria": "Determina la constante elástica de un resorte y grafica su movimiento senoidal en tiempo real.",
    "titulo": "Ley de Hooke (Oscilador Armónico)",
  },
  {
    "duracion": "45 min",
    "estado": "activo",
    "id": "fisica-5",
    "modulo": "Fluidos y Calor",
    "orden": 5,
    "teoria": "Aplica el Principio de Pascal para multiplicar fuerzas en un sistema de émbolos incompresibles y elevar grandes cargas.",
    "titulo": "Sistemas Hidráulicos (Prensa)",
  },
  {
    "duracion": "40 min",
    "estado": "activo",
    "id": "fisica-6",
    "modulo": "Fluidos y Calor",
    "orden": 6,
    "teoria": "Calcula la fuerza de empuje y la densidad sumergiendo distintos materiales en líquidos de diferente densidad.",
    "titulo": "Principio de Arquímedes",
  },
  {
    "duracion": "35 min",
    "estado": "activo",
    "id": "fisica-7",
    "modulo": "Fluidos y Calor",
    "orden": 7,
    "teoria": "Mide la expansión lineal de barras metálicas sometidas a incrementos controlados de temperatura.",
    "titulo": "Dilatación Térmica",
  },
  {
    "duracion": "45 min",
    "estado": "activo",
    "id": "fisica-8",
    "modulo": "Electromagnetismo",
    "orden": 8,
    "teoria": "Construye un circuito básico y analiza la relación directa e inversa entre voltaje, corriente y resistencia.",
    "titulo": "Ley de Ohm (Circuitos DC)",
  },
  {
    "duracion": "30 min",
    "estado": "activo",
    "id": "fisica-9",
    "modulo": "Electromagnetismo",
    "orden": 9,
    "teoria": "Experimenta la atracción y repulsión entre cargas puntuales basándote en la magnitud y distancia de separación.",
    "titulo": "Electrostática",
  },
  {
    "duracion": "50 min",
    "estado": "activo",
    "id": "fisica-10",
    "modulo": "Electromagnetismo",
    "orden": 10,
    "teoria": "Ensambla un motor básico y descubre cómo el flujo de corriente en un campo magnético genera torque mecánico.",
    "titulo": "Motor Eléctrico Simple",
  },
]
`;

exports[`golden master — catálogo por categoría (invariante ante extracción a src/labs) catalogoDeCategoria('matematicas') 1`] = `
[
  {
    "destacada": true,
    "duracion": "30 min",
    "estado": "activo",
    "id": "matematicas-1",
    "modulo": "Álgebra y Funciones",
    "orden": 1,
    "teoria": "Manipula los coeficientes a, b y c de una parábola y observa en tiempo real cómo se transforman sus raíces y su vértice en el plano cartesiano.",
    "titulo": "Explorador de Cuadráticas",
  },
  {
    "duracion": "35 min",
    "estado": "activo",
    "id": "matematicas-2",
    "modulo": "Álgebra y Funciones",
    "orden": 2,
    "teoria": "Ajusta las pendientes y ordenadas de dos rectas para encontrar visual y analíticamente su punto exacto de intersección.",
    "titulo": "Sistemas 2x2",
  },
  {
    "duracion": "40 min",
    "estado": "activo",
    "id": "matematicas-3",
    "modulo": "Álgebra y Funciones",
    "orden": 3,
    "teoria": "Descubre el poder del crecimiento exponencial. Compara la energía liberada entre diferentes magnitudes de sismos usando bases logarítmicas.",
    "titulo": "Logaritmos y Magnitud de Momento (Mw)",
  },
  {
    "duracion": "25 min",
    "estado": "activo",
    "id": "matematicas-4",
    "modulo": "Geometría y Trigonometría",
    "orden": 4,
    "teoria": "Comprueba visualmente la relación fundamental de los triángulos rectángulos mediante la demostración de áreas dinámicas.",
    "titulo": "Teorema de Pitágoras",
  },
  {
    "duracion": "45 min",
    "estado": "activo",
    "id": "matematicas-5",
    "modulo": "Geometría y Trigonometría",
    "orden": 5,
    "teoria": "Proyecta el movimiento circular sobre un eje de tiempo para trazar el origen exacto de las ondas Seno y Coseno.",
    "titulo": "El Círculo Trigonométrico",
  },
  {
    "duracion": "35 min",
    "estado": "activo",
    "id": "matematicas-6",
    "modulo": "Geometría y Trigonometría",
    "orden": 6,
    "teoria": "Aplica matrices de rotación, traslación y escala sobre polígonos, descubriendo las matemáticas detrás de la animación digital.",
    "titulo": "Transformaciones Geométricas",
  },
  {
    "duracion": "40 min",
    "estado": "activo",
    "id": "matematicas-7",
    "modulo": "Geometría y Trigonometría",
    "orden": 7,
    "teoria": "Ajusta el ángulo de un láser al cambiar de medio (aire a vidrio) y calcula el índice de refracción usando funciones trigonométricas.",
    "titulo": "Refracción de la Luz (Snell)",
  },
  {
    "duracion": "45 min",
    "estado": "activo",
    "id": "matematicas-8",
    "modulo": "Cálculo y Probabilidad",
    "orden": 8,
    "teoria": "Desliza un punto sobre una curva y observa cómo la recta tangente actúa como un balancín, revelando la tasa de cambio instantánea.",
    "titulo": "La Derivada",
  },
  {
    "duracion": "40 min",
    "estado": "activo",
    "id": "matematicas-9",
    "modulo": "Cálculo y Probabilidad",
    "orden": 9,
    "teoria": "Aumenta la resolución de los rectángulos bajo la curva para aproximar el área exacta, la base del cálculo integral.",
    "titulo": "Sumas de Riemann",
  },
  {
    "duracion": "30 min",
    "estado": "activo",
    "id": "matematicas-10",
    "modulo": "Cálculo y Probabilidad",
    "orden": 10,
    "teoria": "Deja caer cientos de esferas a través de un tablero de probabilidad y observa cómo el caos converge perfectamente en la Campana de Gauss.",
    "titulo": "Máquina de Galton",
  },
]
`;

exports[`golden master — catálogo por categoría (invariante ante extracción a src/labs) catalogoDeCategoria('mecanica') 1`] = `
[
  {
    "destacada": true,
    "duracion": "40 min",
    "estado": "activo",
    "id": "mecanica-1",
    "modulo": "Autotrónica",
    "orden": 1,
    "simuladorHtml": "/labs/motor-electrico.html",
    "teoria": "Arma un motor síncrono de imanes permanentes y comprende cómo el campo giratorio del estátor produce par sobre el rotor. Diagnostica fallas de fase.",
    "titulo": "Motor Eléctrico de Tracción (PMSM)",
  },
  {
    "duracion": "45 min",
    "estado": "activo",
    "id": "mecanica-2",
    "modulo": "Motor de Combustión Interna",
    "orden": 2,
    "simuladorHtml": "/labs/motor-combustion.html",
    "teoria": "Ensambla el tren alternativo y recorre el ciclo Otto —admisión, compresión, explosión y escape— relacionando geometría, sincronización y potencia.",
    "titulo": "Motor de Combustión Interna (4 Tiempos)",
  },
  {
    "duracion": "45 min",
    "estado": "activo",
    "id": "mecanica-3",
    "modulo": "Mecatrónica",
    "orden": 3,
    "simuladorHtml": "/labs/brazo-robotico.html",
    "teoria": "Controla la cinemática de un manipulador articulado: posiciona el efector final, calcula el par por articulación y diagnostica el espacio de trabajo.",
    "titulo": "Brazo Robótico de 4 Ejes",
  },
  {
    "duracion": "40 min",
    "estado": "activo",
    "id": "mecanica-4",
    "modulo": "Autotrónica",
    "orden": 4,
    "simuladorHtml": "/labs/inversor-trifasico.html",
    "teoria": "Convierte corriente continua en trifásica mediante conmutación PWM de seis transistores y observa cómo se sintetiza la onda senoidal que alimenta al motor.",
    "titulo": "Inversor Trifásico de Potencia",
  },
  {
    "duracion": "40 min",
    "estado": "activo",
    "id": "mecanica-5",
    "modulo": "Autotrónica",
    "orden": 5,
    "simuladorHtml": "/labs/carga-ev.html",
    "teoria": "Opera la infraestructura de carga rápida en corriente directa: handshake, curva de potencia, gestión térmica y diagnóstico de la sesión de carga.",
    "titulo": "Estación de Carga EV (DC Rápida)",
  },
  {
    "duracion": "40 min",
    "estado": "activo",
    "id": "mecanica-6",
    "modulo": "Autotrónica",
    "orden": 6,
    "simuladorHtml": "/labs/inyeccion-electronica.html",
    "teoria": "Dosificación de combustible por inyectores, mapa de carga del motor y lazo cerrado con la sonda lambda para optimizar la mezcla aire-combustible.",
    "titulo": "Sistema de Inyección Electrónica",
  },
  {
    "duracion": "40 min",
    "estado": "activo",
    "id": "mecanica-7",
    "modulo": "Autotrónica",
    "orden": 7,
    "simuladorHtml": "/labs/frenos-abs.html",
    "teoria": "Modula la presión hidráulica evitando el bloqueo de rueda; analiza el deslizamiento óptimo y la actuación del grupo hidráulico en frenado de emergencia.",
    "titulo": "Frenos ABS (Antibloqueo)",
  },
  {
    "duracion": "45 min",
    "estado": "activo",
    "id": "mecanica-8",
    "modulo": "Autotrónica",
    "orden": 8,
    "simuladorHtml": "/labs/bateria-bms.html",
    "teoria": "Arquitectura de celdas, balanceo del pack y gestión térmica; el BMS vigila estado de carga (SoC) y salud (SoH) para operar con seguridad.",
    "titulo": "Batería de Alto Voltaje y BMS",
  },
  {
    "duracion": "45 min",
    "estado": "activo",
    "id": "mecanica-9",
    "modulo": "Mecatrónica",
    "orden": 9,
    "simuladorHtml": "/labs/plc-neumatica.html",
    "teoria": "Programa un controlador lógico para secuenciar actuadores neumáticos: lógica de escalera, sensores fin de carrera y ciclos automáticos de proceso.",
    "titulo": "PLC y Automatización Neumática",
  },
  {
    "duracion": "40 min",
    "estado": "activo",
    "id": "mecanica-10",
    "modulo": "Autotrónica",
    "orden": 10,
    "simuladorHtml": "/labs/direccion-eps.html",
    "teoria": "Asistencia de par por motor eléctrico en función de la velocidad y el sensor de par en la columna; sintoniza la sensación de dirección y diagnostica fallas.",
    "titulo": "Dirección Asistida Eléctrica (EPS)",
  },
  {
    "duracion": "45 min",
    "estado": "activo",
    "id": "mecanica-11",
    "modulo": "Autotrónica",
    "orden": 11,
    "simuladorHtml": "/labs/escaner-obd.html",
    "teoria": "Conecta el escáner al DLC J1962, lee datos en vivo, cuadro congelado y códigos DTC, y deduce la causa raíz con el ajuste de combustible y la sonda O₂.",
    "titulo": "Escáner OBD-II y Diagnóstico",
  },
  {
    "duracion": "45 min",
    "estado": "activo",
    "id": "mecanica-12",
    "modulo": "Instrumentación",
    "orden": 12,
    "simuladorHtml": "/labs/multimetro.html",
    "teoria": "Elige rango y escala en cuatro mediciones reales y calcula la incertidumbre ±(% de lectura + dígitos) que trae cada lectura del multímetro.",
    "titulo": "Domina el multímetro: exactitud, resolución y categorías",
  },
  {
    "duracion": "40 min",
    "estado": "activo",
    "id": "mecanica-13",
    "modulo": "Circuitos Eléctricos",
    "orden": 13,
    "simuladorHtml": "/labs/kirchhoff.html",
    "teoria": "Resuelve una red de tres mallas con el mismo motor nodal que usa SPICE y comprueba con números que ΣI = 0 en cada nodo y ΣV = 0 en cada malla.",
    "titulo": "Leyes de Kirchhoff: redes multimalla en vivo",
  },
  {
    "duracion": "40 min",
    "estado": "activo",
    "id": "mecanica-14",
    "modulo": "Electrónica",
    "orden": 14,
    "simuladorHtml": "/labs/diodo.html",
    "teoria": "Traza la curva I–V de un diodo con la ecuación de Shockley y descubre midiendo el coeficiente térmico del silicio, ≈ −2 mV/K.",
    "titulo": "Curva I-V del diodo: trazador y ajuste exponencial",
  },
  {
    "duracion": "40 min",
    "estado": "activo",
    "id": "mecanica-15",
    "modulo": "Electrónica",
    "orden": 15,
    "simuladorHtml": "/labs/rectificador.html",
    "teoria": "Compara media onda, center-tap y puente sobre el mismo diodo real, y mide el rizado que deja el capacitor de filtro en cada topología.",
    "titulo": "Rectificadores: Media Onda, Center-Tap y Puente",
  },
  {
    "duracion": "40 min",
    "estado": "activo",
    "id": "mecanica-16",
    "modulo": "Electrónica",
    "orden": 16,
    "simuladorHtml": "/labs/zener.html",
    "teoria": "Ajusta un regulador shunt con zener y resistencia serie, y encuentra el punto de operación exacto en corte, codo o avalancha.",
    "titulo": "Diodo Zener: Regulador Shunt de Voltaje",
  },
  {
    "duracion": "40 min",
    "estado": "activo",
    "id": "mecanica-17",
    "modulo": "Electrónica",
    "orden": 17,
    "simuladorHtml": "/labs/fuentelineal.html",
    "teoria": "Recorre la cadena completa de una fuente lineal —transformador, puente y filtro— y observa dónde nace el rizado y dónde el calor.",
    "titulo": "Fuente de Alimentación Lineal Regulada",
  },
  {
    "duracion": "35 min",
    "estado": "activo",
    "id": "mecanica-18",
    "modulo": "Electrónica",
    "orden": 18,
    "simuladorHtml": "/labs/protecciondiodo.html",
    "teoria": "Contrasta LED, Schottky y silicio en conducción y elige el diodo que protege la línea, con las cifras de hoja de datos.",
    "titulo": "LED, Schottky y TVS: Selección de Dispositivo y Protección",
  },
  {
    "duracion": "35 min",
    "estado": "activo",
    "id": "mecanica-19",
    "modulo": "Electrónica",
    "orden": 19,
    "simuladorHtml": "/labs/polarizacionbjt.html",
    "teoria": "Compara polarización fija y por divisor de voltaje en un BJT y comprueba cuál mantiene el punto Q cuando β cambia de un transistor a otro.",
    "titulo": "Polarización de BJT: Punto de Operación Q",
  },
  {
    "duracion": "35 min",
    "estado": "activo",
    "id": "mecanica-20",
    "modulo": "Electrónica",
    "orden": 20,
    "simuladorHtml": "/labs/diodomarchalibre.html",
    "teoria": "Abre el switch de una carga inductiva, mide el pico de tensión que aparece sin diodo de marcha libre y comprueba cuánto lo recorta cada opción.",
    "titulo": "Conmutación de Carga Inductiva y Diodo de Marcha Libre",
  },
  {
    "duracion": "35 min",
    "estado": "activo",
    "id": "mecanica-21",
    "modulo": "Electrónica",
    "orden": 21,
    "simuladorHtml": "/labs/amplificadorbjt.html",
    "teoria": "Amplifica una señal pequeña con un BJT en emisor común y mide cómo la ganancia depende del punto Q y del capacitor de emisor.",
    "titulo": "Amplificador BJT en Emisor Común: Ganancia de Pequeña Señal",
  },
  {
    "duracion": "35 min",
    "estado": "activo",
    "id": "mecanica-22",
    "modulo": "Electrónica",
    "orden": 22,
    "simuladorHtml": "/labs/mosfet.html",
    "teoria": "Recorre las tres regiones de un MOSFET de canal N y comprueba por qué su compuerta capacitiva exige un driver y no una corriente de base.",
    "titulo": "MOSFET de Canal N en Fuente Común: Regiones de Operación y Driver de Compuerta",
  },
  {
    "duracion": "35 min",
    "estado": "activo",
    "id": "mecanica-23",
    "modulo": "Electrónica",
    "orden": 23,
    "simuladorHtml": "/labs/mosfet-pwm.html",
    "teoria": "Separa las pérdidas de conducción y de conmutación de un MOSFET en PWM y localiza la frecuencia donde una supera a la otra.",
    "titulo": "Pérdidas de un MOSFET de Potencia en PWM: Conducción, Conmutación y Frecuencia de Cruce",
  },
  {
    "duracion": "40 min",
    "estado": "activo",
    "id": "mecanica-24",
    "modulo": "Instrumentación",
    "orden": 24,
    "simuladorHtml": "/labs/pinza-shunt.html",
    "teoria": "Mide la misma corriente con pinza de efecto Hall, pinza de TC y shunt, y comprueba cuál perturba el circuito y cuál no ve la corriente continua.",
    "titulo": "Pinza y shunt: mide corriente con y sin alterar el circuito",
  },
  {
    "duracion": "45 min",
    "estado": "activo",
    "id": "mecanica-25",
    "modulo": "Instrumentación",
    "orden": 25,
    "simuladorHtml": "/labs/osciloscopio.html",
    "teoria": "Domina base de tiempo, acoplamiento y disparo hasta dejar quieta en pantalla una señal que el multímetro sólo resume en un número.",
    "titulo": "Osciloscopio digital: base de tiempo, acoplamiento y disparo",
  },
  {
    "duracion": "45 min",
    "estado": "activo",
    "id": "mecanica-26",
    "modulo": "Instrumentación",
    "orden": 26,
    "simuladorHtml": "/labs/osciloscopio-fft.html",
    "teoria": "Ajusta la atenuación 1X/10X, compensa la sonda y mide con cursores y FFT los errores que introduce el propio instrumento.",
    "titulo": "Sonda de osciloscopio: atenuación, compensación, cursores y FFT",
  },
  {
    "duracion": "45 min",
    "estado": "activo",
    "id": "mecanica-27",
    "modulo": "Instrumentación",
    "orden": 27,
    "simuladorHtml": "/labs/generador-funciones.html",
    "teoria": "Configura un generador de funciones y descubre cómo el ajuste de carga 50 Ω / Hi-Z falsea la amplitud que crees estar enviando.",
    "titulo": "Generador de funciones: carga, forma de onda, barrido en frecuencia y offset de CD",
  },
  {
    "duracion": "45 min",
    "estado": "activo",
    "id": "mecanica-28",
    "modulo": "Autotrónica",
    "orden": 28,
    "simuladorHtml": "/labs/fallo-encendido.html",
    "teoria": "Sigue el árbol de decisión de un P0300 y distingue un fallo pendiente de uno confirmado para llegar al cilindro y a la causa.",
    "titulo": "Fallo de Encendido: Árbol de Decisión P0300",
  },
  {
    "duracion": "45 min",
    "estado": "activo",
    "id": "mecanica-29",
    "modulo": "Autotrónica",
    "orden": 29,
    "simuladorHtml": "/labs/readiness-obd.html",
    "teoria": "Recorre los 11 monitores de disponibilidad y averigua por qué un vehículo sin códigos de falla puede aun así no estar listo.",
    "titulo": "Monitores de Disponibilidad (Readiness) y Tabla 1",
  },
  {
    "duracion": "45 min",
    "estado": "activo",
    "id": "mecanica-30",
    "modulo": "Autotrónica",
    "orden": 30,
    "simuladorHtml": "/labs/bus-can.html",
    "teoria": "Diagnostica un bus CAN con el osciloscopio: lee la señalización diferencial de CAN_H y CAN_L y localiza la falla por la forma de onda.",
    "titulo": "Bus CAN: Diagnóstico con Osciloscopio",
  },
  {
    "duracion": "45 min",
    "estado": "activo",
    "id": "mecanica-31",
    "modulo": "Autotrónica",
    "orden": 31,
    "simuladorHtml": "/labs/diagnostico-ecu.html",
    "teoria": "Comprueba alimentaciones, tierras y comunicación de una ECU en el orden correcto, antes de condenar la computadora.",
    "titulo": "Diagnóstico de la ECU: Alimentaciones, Tierras y Comunicación",
  },
  {
    "duracion": "40 min",
    "estado": "activo",
    "id": "mecanica-32",
    "modulo": "Electrónica",
    "orden": 32,
    "simuladorHtml": "/labs/opamp.html",
    "teoria": "Diseña amplificadores inversor y no inversor, y encuentra la frecuencia donde el producto ganancia-ancho de banda rompe la fórmula ideal.",
    "titulo": "Diseña amplificadores inversor y no inversor con op-amp",
  },
  {
    "duracion": "35 min",
    "estado": "activo",
    "id": "mecanica-33",
    "modulo": "Electrónica",
    "orden": 33,
    "simuladorHtml": "/labs/schmitt.html",
    "teoria": "Añade histéresis a un comparador y comprueba con una señal ruidosa cuántos rebotes desaparecen al separar los dos umbrales.",
    "titulo": "Diseña un comparador Schmitt trigger con histéresis (LM393)",
  },
  {
    "duracion": "35 min",
    "estado": "activo",
    "id": "mecanica-34",
    "modulo": "Electrónica",
    "orden": 34,
    "simuladorHtml": "/labs/ne555.html",
    "teoria": "Genera oscilaciones con un 555 en astable y ajusta los dos resistores y el capacitor hasta obtener la frecuencia y el ciclo de trabajo pedidos.",
    "titulo": "Genera temporizaciones y oscilaciones con el 555 (astable)",
  },
  {
    "duracion": "35 min",
    "estado": "activo",
    "id": "mecanica-35",
    "modulo": "Electrónica",
    "orden": 35,
    "simuladorHtml": "/labs/sallenkey.html",
    "teoria": "Diseña filtros activos Sallen-Key de 2.º orden y comprueba cómo la ganancia del amplificador fija el Q y la respuesta Butterworth.",
    "titulo": "Diseña filtros activos Sallen-Key de 2.º orden (fc, Q, Butterworth)",
  },
  {
    "duracion": "35 min",
    "estado": "activo",
    "id": "mecanica-36",
    "modulo": "Electrónica",
    "orden": 36,
    "simuladorHtml": "/labs/buck.html",
    "teoria": "Reduce una tensión con un convertidor buck y relaciona ciclo de trabajo, rizo de corriente en el inductor y modo continuo o discontinuo.",
    "titulo": "Convertidor reductor (buck): ciclo de trabajo, rizo de IL y CCM/DCM",
  },
  {
    "duracion": "35 min",
    "estado": "activo",
    "id": "mecanica-37",
    "modulo": "Electrónica",
    "orden": 37,
    "simuladorHtml": "/labs/boost.html",
    "teoria": "Eleva la tensión con un convertidor boost y comprueba por qué su corriente de entrada crece mucho más rápido que la salida.",
    "titulo": "Convertidor elevador (boost): ganancia 1/(1−D), frontera CCM/DCM y M(D,K)",
  },
  {
    "duracion": "35 min",
    "estado": "activo",
    "id": "mecanica-38",
    "modulo": "Electrónica",
    "orden": 38,
    "simuladorHtml": "/labs/instrumentacion.html",
    "teoria": "Convierte deformación en tensión con una galga extensométrica en puente de Wheatstone y compensa el efecto de la temperatura.",
    "titulo": "Amplificador de instrumentación INA128 + puente de galgas: sensibilidad y CMRR",
  },
  {
    "duracion": "35 min",
    "estado": "activo",
    "id": "mecanica-39",
    "modulo": "Electrónica",
    "orden": 39,
    "simuladorHtml": "/labs/etapa-clase-ab.html",
    "teoria": "Polariza una etapa push-pull clase AB para eliminar la distorsión de cruce y dimensiona el disipador con la potencia que de verdad disipa.",
    "titulo": "Etapa de salida Clase AB: disipación, polarización VBE y disipador",
  },
  {
    "duracion": "50 min",
    "estado": "activo",
    "id": "mecanica-40",
    "modulo": "Instrumentación",
    "orden": 40,
    "simuladorHtml": "/labs/calibrador-vernier.html",
    "teoria": "Lee un calibrador vernier con nonio, corrige el error de cero y evalúa la repetibilidad midiendo varias veces la misma pieza.",
    "titulo": "Calibrador Vernier: Lectura, Error de Cero y Repetibilidad",
  },
  {
    "duracion": "50 min",
    "estado": "activo",
    "id": "mecanica-41",
    "modulo": "Instrumentación",
    "orden": 41,
    "simuladorHtml": "/labs/micrometro-comparador.html",
    "teoria": "Lee micrómetro y comparador de carátula con resolución de 0,01 mm y decide qué instrumento corresponde a cada tolerancia.",
    "titulo": "Micrómetro y Comparador de Carátula: Resolución 0.01 mm",
  },
  {
    "duracion": "35-45 min",
    "estado": "activo",
    "id": "mecanica-42",
    "modulo": "Instrumentación",
    "orden": 42,
    "simuladorHtml": "/labs/incertidumbre-trazabilidad.html",
    "teoria": "Combina incertidumbre tipo A y tipo B según la GUM y sigue la cadena de trazabilidad que respalda un certificado de calibración.",
    "titulo": "Incertidumbre GUM y Trazabilidad Metrológica",
  },
  {
    "duracion": "35-45 min",
    "estado": "activo",
    "id": "mecanica-43",
    "modulo": "Instrumentación",
    "orden": 43,
    "simuladorHtml": "/labs/termopar-rtd-infrarrojo.html",
    "teoria": "Mide temperatura con termopar, RTD e infrarrojo y comprueba qué le hace a cada uno la junta fría, el autocalentamiento y la emisividad.",
    "titulo": "Termopar, RTD e Infrarrojo: Medición de Temperatura",
  },
  {
    "duracion": "50 min",
    "estado": "activo",
    "id": "mecanica-44",
    "modulo": "Máquinas Eléctricas",
    "orden": 44,
    "simuladorHtml": "/labs/relacion-polaridad-transformador.html",
    "teoria": "Determina la relación de transformación de un transformador monofásico y verifica su polaridad antes de conectarlo en paralelo.",
    "titulo": "Relación de Transformación y Prueba de Polaridad",
  },
  {
    "duracion": "50 min",
    "estado": "activo",
    "id": "mecanica-45",
    "modulo": "Máquinas Eléctricas",
    "orden": 45,
    "simuladorHtml": "/labs/circuito-equivalente-transformador.html",
    "teoria": "Deriva el circuito equivalente de un transformador con los ensayos de vacío y de cortocircuito, y separa las pérdidas del hierro y del cobre.",
    "titulo": "Circuito Equivalente por Ensayos de Vacío y Cortocircuito",
  },
  {
    "duracion": "45 min",
    "estado": "activo",
    "id": "mecanica-46",
    "modulo": "Máquinas Eléctricas",
    "orden": 46,
    "simuladorHtml": "/labs/grupo-vectorial-transformador.html",
    "teoria": "Arma bancos trifásicos en estrella y en delta y determina el índice horario del grupo vectorial por el desfase entre primario y secundario.",
    "titulo": "Grupo Vectorial: Bancos Trifásicos y Desfase Angular",
  },
  {
    "duracion": "40 min",
    "estado": "activo",
    "id": "mecanica-47",
    "modulo": "Máquinas Eléctricas",
    "orden": 47,
    "simuladorHtml": "/labs/par-velocidad-motor-cd.html",
    "teoria": "Traza la curva par-velocidad de un motor de CD de excitación independiente y observa qué le hace debilitar el campo.",
    "titulo": "Motor de CD: Par y Velocidad",
  },
  {
    "duracion": "40 min",
    "estado": "activo",
    "id": "mecanica-48",
    "modulo": "Máquinas Eléctricas",
    "orden": 48,
    "simuladorHtml": "/labs/generador-cd-magnetizacion.html",
    "teoria": "Levanta la curva de magnetización de un generador de CD shunt y comprueba de qué depende que llegue a autoexcitarse o no.",
    "titulo": "Generador de CD Autoexcitado: Curva de Magnetización",
  },
  {
    "duracion": "40 min",
    "estado": "activo",
    "id": "mecanica-49",
    "modulo": "Máquinas Eléctricas",
    "orden": 49,
    "simuladorHtml": "/labs/par-velocidad-motor-induccion.html",
    "teoria": "Relaciona deslizamiento y par en un motor de inducción trifásico y localiza el par máximo entre el arranque y la velocidad síncrona.",
    "titulo": "Motor de Inducción: Deslizamiento y Curva Par-Velocidad",
  },
  {
    "duracion": "40 min",
    "estado": "activo",
    "id": "mecanica-50",
    "modulo": "Máquinas Eléctricas",
    "orden": 50,
    "simuladorHtml": "/labs/arranque-motor-induccion.html",
    "teoria": "Compara arranque directo, estrella-delta, autotransformador y arrancador suave por su corriente de irrupción y por el par que dejan.",
    "titulo": "Métodos de Arranque de Motores de Inducción: Corriente de Irrupción",
  },
  {
    "duracion": "45 min",
    "estado": "activo",
    "id": "mecanica-51",
    "modulo": "Máquinas Eléctricas",
    "orden": 51,
    "simuladorHtml": "/labs/circuito-equivalente-motor-induccion.html",
    "teoria": "Obtén el circuito equivalente en T de un motor de inducción combinando los ensayos de CD, vacío y rotor bloqueado de la IEEE Std 112.",
    "titulo": "Circuito Equivalente del Motor de Inducción por Ensayos",
  },
  {
    "duracion": "40 min",
    "estado": "activo",
    "id": "mecanica-52",
    "modulo": "Máquinas Eléctricas",
    "orden": 52,
    "simuladorHtml": "/labs/placa-datos-motor.html",
    "teoria": "Interpreta una placa NEMA MG-1 —letra de código, factor de servicio, clase de aislamiento— y selecciona el motor que corresponde.",
    "titulo": "Interpreta Placas de Datos y Selecciona Motores",
  },
  {
    "duracion": "40 min",
    "estado": "activo",
    "id": "mecanica-53",
    "modulo": "Máquinas Eléctricas",
    "orden": 53,
    "simuladorHtml": "/labs/diagnostico-motor-monofasico-capacitor.html",
    "teoria": "Diagnostica un motor monofásico de fase partida o de capacitor y decide si el culpable es el devanado de arranque, el capacitor o el centrífugo.",
    "titulo": "Motor Monofásico: Fase Partida y Capacitor — Diagnóstico",
  },
  {
    "duracion": "35 min",
    "estado": "activo",
    "id": "mecanica-54",
    "modulo": "Máquinas Eléctricas",
    "orden": 54,
    "simuladorHtml": "/labs/sincronizacion-alternador-red.html",
    "teoria": "Cumple las cuatro condiciones de sincronismo y cierra el interruptor de un alternador contra la red en el instante correcto.",
    "titulo": "Sincronización de un Alternador a la Red",
  },
  {
    "duracion": "35 min",
    "estado": "activo",
    "id": "mecanica-55",
    "modulo": "Máquinas Eléctricas",
    "orden": 55,
    "simuladorHtml": "/labs/curvas-v-motor-sincrono.html",
    "teoria": "Levanta las curvas V de un motor síncrono y comprueba cómo la corriente de campo cambia el factor de potencia sin tocar la velocidad.",
    "titulo": "Curvas V del Motor Síncrono",
  },
  {
    "duracion": "35 min",
    "estado": "activo",
    "id": "mecanica-56",
    "modulo": "Máquinas Eléctricas",
    "orden": 56,
    "simuladorHtml": "/labs/variador-vf-motor-induccion.html",
    "teoria": "Varía la velocidad de un motor de inducción con un variador V/f y comprueba dónde se pierde par al bajar la frecuencia y al pasar de la nominal.",
    "titulo": "Variador V/f del Motor de Inducción",
  },
  {
    "duracion": "35 min",
    "estado": "activo",
    "id": "mecanica-57",
    "modulo": "Máquinas Eléctricas",
    "orden": 57,
    "simuladorHtml": "/labs/conmutacion-bldc-pmsm.html",
    "teoria": "Conmuta las fases de un motor BLDC en el instante que marca la posición del rotor y observa qué le pasa al par si el ángulo se adelanta.",
    "titulo": "Conmutación de un Motor BLDC/PMSM",
  },
  {
    "duracion": "40 min",
    "estado": "activo",
    "id": "mecanica-58",
    "modulo": "Máquinas Eléctricas",
    "orden": 58,
    "simuladorHtml": "/labs/inversion-giro-contactores.html",
    "teoria": "Cablea un arrancador reversible con dos contactores y comprueba que el enclavamiento impide el cortocircuito entre fases.",
    "titulo": "Inversión de Giro con Contactores y Enclavamiento",
  },
  {
    "duracion": "35 min",
    "estado": "activo",
    "id": "mecanica-59",
    "modulo": "Máquinas Eléctricas",
    "orden": 59,
    "simuladorHtml": "/labs/frenado-dinamico-regenerativo-contracorriente.html",
    "teoria": "Frena un motor por vía dinámica, regenerativa y a contracorriente, y sigue a dónde va la energía cinética del rotor en cada caso.",
    "titulo": "Frenado Dinámico, Regenerativo y a Contracorriente",
  },
  {
    "duracion": "30 min",
    "estado": "activo",
    "id": "mecanica-60",
    "modulo": "Circuitos Eléctricos",
    "orden": 60,
    "simuladorHtml": "/labs/curva-vi-resistores.html",
    "teoria": "Levanta la curva V–I de varios resistores y decide si cada uno cumple su tolerancia, incertidumbre del multímetro incluida.",
    "titulo": "Curva V–I de Resistores y Validación de Tolerancias",
  },
  {
    "duracion": "35 min",
    "estado": "activo",
    "id": "mecanica-61",
    "modulo": "Circuitos Eléctricos",
    "orden": 61,
    "simuladorHtml": "/labs/divisor-tension-corriente.html",
    "teoria": "Diseña divisores de tensión y de corriente y mide cuánto los desvía la carga que conectas a su salida.",
    "titulo": "Divisores de Tensión y Corriente: Diseño con Efecto de Carga",
  },
  {
    "duracion": "35 min",
    "estado": "activo",
    "id": "mecanica-62",
    "modulo": "Circuitos Eléctricos",
    "orden": 62,
    "simuladorHtml": "/labs/equivalente-thevenin-norton.html",
    "teoria": "Caracteriza una caja negra resistiva midiendo sólo en sus dos terminales y obtén sus equivalentes de Thévenin y de Norton.",
    "titulo": "Equivalentes de Thévenin y Norton: Caracterización Experimental de Caja Negra",
  },
  {
    "duracion": "35 min",
    "estado": "activo",
    "id": "mecanica-63",
    "modulo": "Circuitos Eléctricos",
    "orden": 63,
    "simuladorHtml": "/labs/maxima-transferencia-potencia.html",
    "teoria": "Barre el valor de la carga y encuentra el punto RL = Rth donde una fuente entrega su máxima potencia, que no es su máxima eficiencia.",
    "titulo": "Máxima Transferencia de Potencia",
  },
  {
    "duracion": "35 min",
    "estado": "activo",
    "id": "mecanica-64",
    "modulo": "Circuitos Eléctricos",
    "orden": 64,
    "simuladorHtml": "/labs/transitorio-rc.html",
    "teoria": "Mide en el osciloscopio la constante de tiempo τ = R·C de un circuito RC con la regla del 63 % y comprueba los cinco τ del régimen.",
    "titulo": "Transitorio RC: Mide la Constante de Tiempo τ en el Osciloscopio",
  },
  {
    "duracion": "35 min",
    "estado": "activo",
    "id": "mecanica-65",
    "modulo": "Circuitos Eléctricos",
    "orden": 65,
    "simuladorHtml": "/labs/transitorio-rl.html",
    "teoria": "Energiza y corta un circuito RL, mide la sobretensión inductiva que aparece y comprueba cuánto la recorta el diodo de rueda libre.",
    "titulo": "Transitorio RL y Sobretensión Inductiva: el Diodo de Rueda Libre",
  },
  {
    "duracion": "30 min",
    "estado": "activo",
    "id": "mecanica-66",
    "modulo": "Circuitos Eléctricos",
    "orden": 66,
    "simuladorHtml": "/labs/diagnostico-fallas-cd.html",
    "teoria": "Localiza un circuito abierto o un corto en una cadena de resistores por bisección, con el mínimo número de mediciones.",
    "titulo": "Diagnóstico de Fallas en CD: Localización por Bisección de Mediciones",
  },
  {
    "duracion": "30 min",
    "estado": "activo",
    "id": "mecanica-67",
    "modulo": "Circuitos Eléctricos",
    "orden": 67,
    "simuladorHtml": "/labs/fasores-desfase.html",
    "teoria": "Representa señales senoidales como fasores y mide su desfase en el osciloscopio a partir de los cruces por cero.",
    "titulo": "Fasores de Señales Senoidales: Representación y Medición de Desfase",
  },
  {
    "duracion": "30 min",
    "estado": "activo",
    "id": "mecanica-68",
    "modulo": "Circuitos Eléctricos",
    "orden": 68,
    "simuladorHtml": "/labs/impedancias-rlc.html",
    "teoria": "Calcula y mide la impedancia Z = R + jX de un circuito RLC serie o paralelo y contrasta módulo y ángulo con lo medido.",
    "titulo": "Impedancias RLC: Calcula y Mide un Circuito Serie o Paralelo",
  },
  {
    "duracion": "30 min",
    "estado": "activo",
    "id": "mecanica-69",
    "modulo": "Circuitos Eléctricos",
    "orden": 69,
    "simuladorHtml": "/labs/resonancia-rlc.html",
    "teoria": "Sintoniza un circuito RLC hasta la resonancia y mide el factor Q y el ancho de banda entre las frecuencias de media potencia.",
    "titulo": "Resonancia RLC: Sintoniza, Mide Q y Caracteriza el Ancho de Banda",
  },
  {
    "duracion": "30 min",
    "estado": "activo",
    "id": "mecanica-70",
    "modulo": "Circuitos Eléctricos",
    "orden": 70,
    "simuladorHtml": "/labs/potencia-ac.html",
    "teoria": "Mide P, Q, S y el factor de potencia de cargas reales y comprueba por qué el triángulo de potencias no cierra con una suma aritmética.",
    "titulo": "Potencia en CA: Mide P, Q, S y el Factor de Potencia de Cargas Reales",
  },
  {
    "duracion": "30 min",
    "estado": "activo",
    "id": "mecanica-71",
    "modulo": "Circuitos Eléctricos",
    "orden": 71,
    "simuladorHtml": "/labs/correccion-factor-potencia.html",
    "teoria": "Dimensiona un banco de capacitores por pasos y comprueba cuánta corriente deja de circular al subir el factor de potencia.",
    "titulo": "Corrección de Factor de Potencia: Diseña el Banco de Capacitores",
  },
  {
    "duracion": "30 min",
    "estado": "activo",
    "id": "mecanica-72",
    "modulo": "Circuitos Eléctricos",
    "orden": 72,
    "simuladorHtml": "/labs/sistemas-trifasicos.html",
    "teoria": "Conecta la misma carga en estrella y en delta, verifica las relaciones √3 entre fase y línea y determina la secuencia de fases.",
    "titulo": "Sistemas Trifásicos Y/Δ Balanceados y Secuencia de Fases",
  },
  {
    "duracion": "30 min",
    "estado": "activo",
    "id": "mecanica-73",
    "modulo": "Circuitos Eléctricos",
    "orden": 73,
    "simuladorHtml": "/labs/desbalance-trifasico.html",
    "teoria": "Desbalancea las tres fases y calcula la corriente del neutro como suma fasorial, no aritmética, con las componentes simétricas.",
    "titulo": "Desbalance Trifásico y Corriente por el Neutro",
  },
  {
    "duracion": "30 min",
    "estado": "activo",
    "id": "mecanica-74",
    "modulo": "Circuitos Eléctricos",
    "orden": 74,
    "simuladorHtml": "/labs/dimensionamiento-conductor.html",
    "teoria": "Selecciona el calibre de un circuito derivado por ampacidad y por caída de tensión, y coordina su protección contra sobrecorriente.",
    "titulo": "Dimensionamiento de Conductores y Protecciones",
  },
  {
    "duracion": "30 min",
    "estado": "activo",
    "id": "mecanica-75",
    "modulo": "Circuitos Eléctricos",
    "orden": 75,
    "simuladorHtml": "/labs/puesta-a-tierra-wenner.html",
    "teoria": "Mide la resistividad del terreno por el método de Wenner y dimensiona la puesta a tierra que sí baja de los 25 Ω exigidos.",
    "titulo": "Puesta a Tierra y Resistencia de Tierra",
  },
  {
    "duracion": "30 min",
    "estado": "activo",
    "id": "mecanica-76",
    "modulo": "Circuitos Eléctricos",
    "orden": 76,
    "simuladorHtml": "/labs/coordinacion-protecciones.html",
    "teoria": "Superpone las curvas tiempo-corriente de dos interruptores y comprueba hasta qué corriente hay selectividad y desde cuál se pierde.",
    "titulo": "Coordinación de Protecciones y Curvas Tiempo-Corriente",
  },
  {
    "duracion": "30 min",
    "estado": "activo",
    "id": "mecanica-77",
    "modulo": "Sistemas Digitales",
    "orden": 77,
    "simuladorHtml": "/labs/karnaugh-simplificacion.html",
    "teoria": "Simplifica funciones lógicas con mapas de Karnaugh y contrasta tu resultado contra Quine-McCluskey y contra la cuenta de compuertas.",
    "titulo": "Síntesis Lógica y Simplificación con Mapas de Karnaugh",
  },
  {
    "duracion": "30 min",
    "estado": "activo",
    "id": "mecanica-78",
    "modulo": "Sistemas Digitales",
    "orden": 78,
    "simuladorHtml": "/labs/mux-decodificadores-7seg.html",
    "teoria": "Arma multiplexores, decodificadores y un display de 7 segmentos, y descubre la idea única que comparten los tres bloques.",
    "titulo": "Multiplexores, Decodificadores y Display de 7 Segmentos",
  },
  {
    "duracion": "30 min",
    "estado": "activo",
    "id": "mecanica-79",
    "modulo": "Sistemas Digitales",
    "orden": 79,
    "simuladorHtml": "/labs/sumadores-comparadores.html",
    "teoria": "Encadena sumadores completos, resta con complemento a dos y compara magnitudes binarias detectando el desbordamiento.",
    "titulo": "Sumadores y Comparadores Binarios",
  },
  {
    "duracion": "30 min",
    "estado": "activo",
    "id": "mecanica-80",
    "modulo": "Sistemas Digitales",
    "orden": 80,
    "simuladorHtml": "/labs/contadores-sincronos.html",
    "teoria": "Diseña contadores síncronos módulo N con flip-flops D, T y JK a partir de su ecuación característica.",
    "titulo": "Contadores Síncronos Módulo N",
  },
  {
    "duracion": "30 min",
    "estado": "activo",
    "id": "mecanica-81",
    "modulo": "Sistemas Digitales",
    "orden": 81,
    "simuladorHtml": "/labs/registros-desplazamiento.html",
    "teoria": "Desplaza bits por un registro SIPO y PISO y comprueba cuántos ciclos de reloj cuesta convertir entre serie y paralelo.",
    "titulo": "Registros de Desplazamiento · SIPO / PISO",
  },
  {
    "duracion": "30 min",
    "estado": "activo",
    "id": "mecanica-82",
    "modulo": "Sistemas Digitales",
    "orden": 82,
    "simuladorHtml": "/labs/maquinas-estado.html",
    "teoria": "Diseña máquinas de estados Moore y Mealy que detecten una secuencia y decide si permites solape entre coincidencias.",
    "titulo": "Máquinas de Estados Finitos · Moore / Mealy",
  },
  {
    "duracion": "30 min",
    "estado": "activo",
    "id": "mecanica-83",
    "modulo": "Sistemas Digitales",
    "orden": 83,
    "simuladorHtml": "/labs/ladder-arranque-paro.html",
    "teoria": "Escribe en ladder un arranque-paro con sello y enclavamientos, y comprueba qué pasa si el paro se cablea normalmente abierto.",
    "titulo": "Arranque-Paro con Sello y Enclavamientos en Ladder",
  },
  {
    "duracion": "30 min",
    "estado": "activo",
    "id": "mecanica-84",
    "modulo": "Sistemas Digitales",
    "orden": 84,
    "simuladorHtml": "/labs/temporizadores-contadores-plc.html",
    "teoria": "Programa temporizadores TON, TOF y TP y contadores CTU/CTD, y ajusta sus consignas hasta que la secuencia cierra su ciclo.",
    "titulo": "Temporizadores y Contadores en Secuencias",
  },
  {
    "duracion": "30 min",
    "estado": "activo",
    "id": "mecanica-85",
    "modulo": "Sistemas Digitales",
    "orden": 85,
    "simuladorHtml": "/labs/arranque-estrella-delta.html",
    "teoria": "Temporiza un arranque estrella-delta y observa el pico de corriente que aparece en la reconexión si el tiempo muerto no es el correcto.",
    "titulo": "Arranque Estrella-Delta Temporizado",
  },
  {
    "duracion": "30 min",
    "estado": "activo",
    "id": "mecanica-86",
    "modulo": "Sistemas Digitales",
    "orden": 86,
    "simuladorHtml": "/labs/grafcet-secuencia-neumatica.html",
    "teoria": "Escribe en GRAFCET la secuencia de dos cilindros neumáticos y comprueba que cada etapa espera su receptividad antes de avanzar.",
    "titulo": "GRAFCET: Secuencia de Cilindros Neumáticos",
  },
  {
    "duracion": "30 min",
    "estado": "activo",
    "id": "mecanica-87",
    "modulo": "Sistemas Digitales",
    "orden": 87,
    "simuladorHtml": "/labs/lazo-4-20ma-histeresis.html",
    "teoria": "Escala un lazo de 4–20 mA a unidades de proceso, interpreta las alarmas NAMUR NE 43 y ajusta la histéresis del control on/off.",
    "titulo": "Lazo 4–20 mA: Escalado y Control On/Off con Histéresis",
  },
  {
    "duracion": "30 min",
    "estado": "activo",
    "id": "mecanica-88",
    "modulo": "Sistemas Digitales",
    "orden": 88,
    "simuladorHtml": "/labs/gpio-antirrebote-interrupciones.html",
    "teoria": "Antirrebota un contacto por sondeo y por interrupción, y decide el retardo a partir del tiempo de rebote que mides, no del que supones.",
    "titulo": "GPIO: Antirrebote e Interrupciones en un Microcontrolador",
  },
  {
    "duracion": "30 min",
    "estado": "activo",
    "id": "mecanica-89",
    "modulo": "Sistemas Digitales",
    "orden": 89,
    "simuladorHtml": "/labs/pwm-motor-cd.html",
    "teoria": "Regula la velocidad de un motor de CD por PWM y relaciona ciclo de trabajo, tensión media y frecuencia de conmutación.",
    "titulo": "PWM desde el Microcontrolador: Velocidad de un Motor de CD",
  },
  {
    "duracion": "30 min",
    "estado": "activo",
    "id": "mecanica-90",
    "modulo": "Sistemas Digitales",
    "orden": 90,
    "simuladorHtml": "/labs/adc-cuantizacion.html",
    "teoria": "Cuantiza una señal con un convertidor A/D y mide el error que introducen el número de bits, la referencia y el muestreo.",
    "titulo": "Adquisición de Sensores: el Convertidor A/D y la Cuantización",
  },
  {
    "duracion": "30 min",
    "estado": "activo",
    "id": "mecanica-91",
    "modulo": "Sistemas Digitales",
    "orden": 91,
    "simuladorHtml": "/labs/analizador-buses.html",
    "teoria": "Decodifica tramas UART, I²C y SPI en el analizador lógico y descubre dónde falla la captura antes que el protocolo.",
    "titulo": "Análisis de Tramas: UART, I²C y SPI en el Analizador Lógico",
  },
  {
    "duracion": "30 min",
    "estado": "activo",
    "id": "mecanica-92",
    "modulo": "Sistemas Digitales",
    "orden": 92,
    "simuladorHtml": "/labs/domotica-escenas.html",
    "teoria": "Dimensiona un bus domótico, escribe sus escenas y reparte la carga entre los canales del actuador sin exceder ninguno.",
    "titulo": "Sistema Domótico: Bus, Escenas y Canal del Actuador",
  },
  {
    "duracion": "35 min",
    "estado": "activo",
    "id": "mecanica-93",
    "modulo": "Hidráulica y Neumática",
    "orden": 93,
    "simuladorHtml": "/labs/prensa-hidraulica-pascal.html",
    "teoria": "Multiplica fuerza con la ley de Pascal, descubre que lo que ganas en fuerza lo pagas en carrera y proyecta el circuito completo.",
    "titulo": "Prensa Hidráulica: Ley de Pascal, Volumen y Proyecto del Circuito",
  },
  {
    "duracion": "35 min",
    "estado": "activo",
    "id": "mecanica-94",
    "modulo": "Hidráulica y Neumática",
    "orden": 94,
    "simuladorHtml": "/labs/cilindro-neumatico-fuerza-consumo.html",
    "teoria": "Dimensiona un cilindro neumático por fuerza, velocidad y consumo de aire, y comprueba que bajar la presión no siempre ahorra.",
    "titulo": "Cilindro Neumático: Fuerza, Velocidad y Consumo de Aire",
  },
  {
    "duracion": "35 min",
    "estado": "activo",
    "id": "mecanica-95",
    "modulo": "Hidráulica y Neumática",
    "orden": 95,
    "simuladorHtml": "/labs/valvulas-direccionales-mandos.html",
    "teoria": "Descifra la nomenclatura de vías y posiciones de las válvulas direccionales y elige el mando que corresponde a cada aplicación.",
    "titulo": "Válvulas Direccionales: Vías, Posiciones y Mandos Básicos",
  },
  {
    "duracion": "40 min",
    "estado": "activo",
    "id": "mecanica-96",
    "modulo": "Hidráulica y Neumática",
    "orden": 96,
    "simuladorHtml": "/labs/mando-directo-indirecto-espacio-fase.html",
    "teoria": "Compara mando directo e indirecto sobre el mismo banco y lee la secuencia en un diagrama espacio-fase.",
    "titulo": "Mando Directo e Indirecto: Diagrama Espacio-Fase",
  },
  {
    "duracion": "40 min",
    "estado": "activo",
    "id": "mecanica-97",
    "modulo": "Hidráulica y Neumática",
    "orden": 97,
    "simuladorHtml": "/labs/logica-neumatica-temporizacion.html",
    "teoria": "Monta funciones Y y O con válvulas neumáticas y comprueba cómo una caída de presión degrada el 1 lógico sin que se rompa nada.",
    "titulo": "Lógica Neumática Y/O y Temporización",
  },
  {
    "duracion": "45 min",
    "estado": "activo",
    "id": "mecanica-98",
    "modulo": "Hidráulica y Neumática",
    "orden": 98,
    "simuladorHtml": "/labs/secuencias-cascada-multicilindro.html",
    "teoria": "Resuelve una secuencia multicilindro por el método cascada y elimina las señales bloqueantes que impiden el cambio de carrete.",
    "titulo": "Secuencias Multicilindro por Método Cascada",
  },
  {
    "duracion": "45 min",
    "estado": "activo",
    "id": "mecanica-99",
    "modulo": "Hidráulica y Neumática",
    "orden": 99,
    "simuladorHtml": "/labs/circuitos-electroneumaticos-relevadores.html",
    "teoria": "Cablea el mando eléctrico de 24 V de un circuito electroneumático con relevadores y diagnostica una avería desde el síntoma.",
    "titulo": "Circuitos Electroneumáticos con Relevadores",
  },
  {
    "duracion": "45 min",
    "estado": "activo",
    "id": "mecanica-100",
    "modulo": "Hidráulica y Neumática",
    "orden": 100,
    "simuladorHtml": "/labs/vacio-pick-and-place.html",
    "teoria": "Dimensiona un sistema de vacío para pick&place —ventosas, caudal y tiempo de ciclo— sin quedarte en la fórmula F = Δp·A·n.",
    "titulo": "Dimensiona un Sistema de Vacío para Pick&Place",
  },
  {
    "duracion": "45 min",
    "estado": "activo",
    "id": "mecanica-101",
    "modulo": "Hidráulica y Neumática",
    "orden": 101,
    "simuladorHtml": "/labs/unidad-frl-calidad-aire.html",
    "teoria": "Configura filtro, regulador y lubricador y clasifica el aire resultante por partículas, agua y aceite según ISO 8573-1.",
    "titulo": "Configura la Unidad FRL y Evalúa la Calidad del Aire",
  },
  {
    "duracion": "45 min",
    "estado": "activo",
    "id": "mecanica-102",
    "modulo": "Hidráulica y Neumática",
    "orden": 102,
    "simuladorHtml": "/labs/curva-pq-bomba-hidraulica.html",
    "teoria": "Levanta la curva P–Q de una bomba hidráulica y comprueba cuánto caudal se pierde por fugas internas al subir la presión.",
    "titulo": "Caracteriza la Curva P–Q de una Bomba Hidráulica",
  },
  {
    "duracion": "45 min",
    "estado": "activo",
    "id": "mecanica-103",
    "modulo": "Hidráulica y Neumática",
    "orden": 103,
    "simuladorHtml": "/labs/valvulas-limitadora-reguladora-caudal.html",
    "teoria": "Ajusta la válvula limitadora y las reguladoras de caudal, y decide entre estrangular a la entrada o a la salida del cilindro.",
    "titulo": "Ajusta Válvulas Limitadoras y Reguladoras de Caudal",
  },
  {
    "duracion": "45 min",
    "estado": "activo",
    "id": "mecanica-104",
    "modulo": "Hidráulica y Neumática",
    "orden": 104,
    "simuladorHtml": "/labs/valvula-contrabalance-cargas-negativas.html",
    "teoria": "Sujeta una carga negativa con válvula de contrabalance y encuentra la presión de tarado que evita que el actuador se descuelgue.",
    "titulo": "Controla Cargas Negativas con Válvula de Contrabalance",
  },
  {
    "duracion": "45 min",
    "estado": "activo",
    "id": "mecanica-105",
    "modulo": "Hidráulica y Neumática",
    "orden": 105,
    "simuladorHtml": "/labs/transmision-hidrostatica-bomba-motor.html",
    "teoria": "Analiza una transmisión hidrostática bomba-motor y relaciona el plato inclinado con la velocidad, el par y la temperatura del aceite.",
    "titulo": "Analiza una Transmisión Hidrostática Bomba-Motor",
  },
  {
    "duracion": "45 min",
    "estado": "activo",
    "id": "mecanica-106",
    "modulo": "Hidráulica y Neumática",
    "orden": 106,
    "simuladorHtml": "/labs/valvulas-proporcionales-rampas-consignas.html",
    "teoria": "Opera una válvula proporcional con rampas y consigna, y comprueba qué le hacen la zona muerta, la histéresis y el dither.",
    "titulo": "Opera Válvulas Proporcionales con Rampas y Consignas",
  },
  {
    "duracion": "45 min",
    "estado": "activo",
    "id": "mecanica-107",
    "modulo": "Hidráulica y Neumática",
    "orden": 107,
    "simuladorHtml": "/labs/acumulador-precarga-nitrogeno.html",
    "teoria": "Dimensiona un acumulador hidroneumático y su precarga de nitrógeno, y descubre que más gas no siempre devuelve más aceite.",
    "titulo": "Dimensiona un Acumulador Hidroneumático y su Precarga de Nitrógeno",
  },
  {
    "duracion": "45 min",
    "estado": "activo",
    "id": "mecanica-108",
    "modulo": "Hidráulica y Neumática",
    "orden": 108,
    "simuladorHtml": "/labs/perdidas-carga-conducciones.html",
    "teoria": "Compara conducciones por su pérdida de carga y elige la que menos cuesta empujar aceite durante cinco años, no la más barata.",
    "titulo": "Calcula Pérdidas de Carga y Selecciona Conducciones",
  },
  {
    "duracion": "45 min",
    "estado": "activo",
    "id": "mecanica-109",
    "modulo": "Hidráulica y Neumática",
    "orden": 109,
    "simuladorHtml": "/labs/fugas-red-aire-comprimido.html",
    "teoria": "Audita las fugas de una red de aire comprimido con detector ultrasónico y pon precio a cada orificio que encuentres.",
    "titulo": "Audita las Fugas de una Red de Aire Comprimido",
  },
  {
    "duracion": "45 min",
    "estado": "activo",
    "id": "mecanica-110",
    "modulo": "Hidráulica y Neumática",
    "orden": 110,
    "simuladorHtml": "/labs/posicionamiento-actuador-lazo-cerrado.html",
    "teoria": "Posiciona un actuador hidráulico en lazo cerrado y descubre por qué una válvula 4/3 de centro cerrado entrega caudal y no fuerza.",
    "titulo": "Posiciona un Actuador Hidráulico en Lazo Cerrado",
  },
  {
    "duracion": "45 min",
    "estado": "activo",
    "id": "mecanica-111",
    "modulo": "Motor de Combustión Interna",
    "orden": 111,
    "simuladorHtml": "/labs/ciclo-otto-relacion-compresion.html",
    "teoria": "Compara la eficiencia real de un ciclo Otto contra el techo ideal η = 1 − r^(1−γ) y localiza dónde se pierde cada punto porcentual.",
    "titulo": "Analiza el Ciclo Otto y su Eficiencia contra la Relación de Compresión",
  },
  {
    "duracion": "45 min",
    "estado": "activo",
    "id": "mecanica-112",
    "modulo": "Motor de Combustión Interna",
    "orden": 112,
    "simuladorHtml": "/labs/ciclo-diesel-autoencendido.html",
    "teoria": "Contrasta el ciclo Diésel contra su techo ideal y comprueba qué le hacen a la eficiencia el autoencendido y la relación de corte.",
    "titulo": "Contrasta el Ciclo Diésel y el Autoencendido contra el Techo Ideal",
  },
]
`;

exports[`golden master — catálogo por categoría (invariante ante extracción a src/labs) catalogoDeCategoria('quimica') 1`] = `
[
  {
    "duracion": "30 min",
    "estado": "activo",
    "id": "quimica-1",
    "modulo": "Fundamentos",
    "orden": 1,
    "teoria": "Comprende la relación de partículas subatómicas, calculando la masa y carga neta para lograr la estabilidad isotópica.",
    "titulo": "Construcción Atómica e Isótopos",
  },
  {
    "duracion": "40 min",
    "estado": "activo",
    "id": "quimica-2",
    "modulo": "Fundamentos",
    "orden": 2,
    "teoria": "Analiza la relación PV=nRT y las leyes de Boyle y Charles alterando el volumen y la temperatura bajo estrés de presión.",
    "titulo": "Leyes de los Gases (Cámara de Presión)",
  },
  {
    "duracion": "35 min",
    "estado": "activo",
    "id": "quimica-3",
    "modulo": "Estequiometría",
    "orden": 3,
    "teoria": "Aplica la ley de la conservación de la masa ajustando los coeficientes matemáticos de reactivos y productos.",
    "titulo": "Balanceo Estequiométrico",
  },
  {
    "duracion": "45 min",
    "estado": "activo",
    "id": "quimica-4",
    "modulo": "Estequiometría",
    "orden": 4,
    "teoria": "Identifica matemáticamente el reactivo que se consume primero en una síntesis y calcula el sobrante en exceso.",
    "titulo": "Fábrica de Reactivo Limitante",
  },
  {
    "duracion": "45 min",
    "estado": "activo",
    "id": "quimica-5",
    "modulo": "Estequiometría",
    "orden": 5,
    "teoria": "Domina la técnica analítica: cálculo exacto de molaridad, pesaje descontando tara y técnica precisa de aforo.",
    "titulo": "Preparación de Soluciones Molares",
  },
  {
    "duracion": "35 min",
    "estado": "activo",
    "id": "quimica-6",
    "modulo": "Estequiometría",
    "orden": 6,
    "teoria": "Experimenta la sobresaturación dependiente de temperatura y provoca la precipitación por choque térmico.",
    "titulo": "Solubilidad y Cristalización",
  },
  {
    "destacada": true,
    "duracion": "50 min",
    "estado": "activo",
    "id": "quimica-7",
    "modulo": "Fisicoquímica",
    "orden": 7,
    "teoria": "Determina concentraciones desconocidas calculando la curva de pH y dominando el control de la bureta gota a gota.",
    "titulo": "Titulación Ácido-Base",
  },
  {
    "duracion": "35 min",
    "estado": "activo",
    "id": "quimica-8",
    "modulo": "Fisicoquímica",
    "orden": 8,
    "teoria": "Observa y documenta el desplazamiento visual de una reacción reversible al someter el sistema a estrés térmico.",
    "titulo": "Equilibrio Químico (Le Châtelier)",
  },
  {
    "duracion": "45 min",
    "estado": "activo",
    "id": "quimica-9",
    "modulo": "Fisicoquímica",
    "orden": 9,
    "teoria": "Ensambla una pila funcional identificando ánodo y cátodo, asegurando el flujo de electrones y el potencial de celda.",
    "titulo": "Celdas Galvánicas (Electroquímica)",
  },
  {
    "duracion": "40 min",
    "estado": "activo",
    "id": "quimica-10",
    "modulo": "Fisicoquímica",
    "orden": 10,
    "teoria": "Separa mezclas homogéneas controlando finamente la temperatura basándote en los puntos de ebullición específicos.",
    "titulo": "Destilación Fraccionada",
  },
]
`;

exports[`golden master — catálogo por categoría (invariante ante extracción a src/labs) inventario de ids del catálogo es estable 1`] = `
[
  "biologia-1",
  "biologia-10",
  "biologia-2",
  "biologia-3",
  "biologia-4",
  "biologia-5",
  "biologia-6",
  "biologia-7",
  "biologia-8",
  "biologia-9",
  "fisica-1",
  "fisica-10",
  "fisica-2",
  "fisica-3",
  "fisica-4",
  "fisica-5",
  "fisica-6",
  "fisica-7",
  "fisica-8",
  "fisica-9",
  "matematicas-1",
  "matematicas-10",
  "matematicas-2",
  "matematicas-3",
  "matematicas-4",
  "matematicas-5",
  "matematicas-6",
  "matematicas-7",
  "matematicas-8",
  "matematicas-9",
  "mecanica-1",
  "mecanica-10",
  "mecanica-100",
  "mecanica-101",
  "mecanica-102",
  "mecanica-103",
  "mecanica-104",
  "mecanica-105",
  "mecanica-106",
  "mecanica-107",
  "mecanica-108",
  "mecanica-109",
  "mecanica-11",
  "mecanica-110",
  "mecanica-111",
  "mecanica-112",
  "mecanica-12",
  "mecanica-13",
  "mecanica-14",
  "mecanica-15",
  "mecanica-16",
  "mecanica-17",
  "mecanica-18",
  "mecanica-19",
  "mecanica-2",
  "mecanica-20",
  "mecanica-21",
  "mecanica-22",
  "mecanica-23",
  "mecanica-24",
  "mecanica-25",
  "mecanica-26",
  "mecanica-27",
  "mecanica-28",
  "mecanica-29",
  "mecanica-3",
  "mecanica-30",
  "mecanica-31",
  "mecanica-32",
  "mecanica-33",
  "mecanica-34",
  "mecanica-35",
  "mecanica-36",
  "mecanica-37",
  "mecanica-38",
  "mecanica-39",
  "mecanica-4",
  "mecanica-40",
  "mecanica-41",
  "mecanica-42",
  "mecanica-43",
  "mecanica-44",
  "mecanica-45",
  "mecanica-46",
  "mecanica-47",
  "mecanica-48",
  "mecanica-49",
  "mecanica-5",
  "mecanica-50",
  "mecanica-51",
  "mecanica-52",
  "mecanica-53",
  "mecanica-54",
  "mecanica-55",
  "mecanica-56",
  "mecanica-57",
  "mecanica-58",
  "mecanica-59",
  "mecanica-6",
  "mecanica-60",
  "mecanica-61",
  "mecanica-62",
  "mecanica-63",
  "mecanica-64",
  "mecanica-65",
  "mecanica-66",
  "mecanica-67",
  "mecanica-68",
  "mecanica-69",
  "mecanica-7",
  "mecanica-70",
  "mecanica-71",
  "mecanica-72",
  "mecanica-73",
  "mecanica-74",
  "mecanica-75",
  "mecanica-76",
  "mecanica-77",
  "mecanica-78",
  "mecanica-79",
  "mecanica-8",
  "mecanica-80",
  "mecanica-81",
  "mecanica-82",
  "mecanica-83",
  "mecanica-84",
  "mecanica-85",
  "mecanica-86",
  "mecanica-87",
  "mecanica-88",
  "mecanica-89",
  "mecanica-9",
  "mecanica-90",
  "mecanica-91",
  "mecanica-92",
  "mecanica-93",
  "mecanica-94",
  "mecanica-95",
  "mecanica-96",
  "mecanica-97",
  "mecanica-98",
  "mecanica-99",
  "quimica-1",
  "quimica-10",
  "quimica-2",
  "quimica-3",
  "quimica-4",
  "quimica-5",
  "quimica-6",
  "quimica-7",
  "quimica-8",
  "quimica-9",
]
`;
