// Jest Snapshot v1, https://goo.gl/fbAQLP

exports[`golden master — catálogo por categoría (invariante ante extracción a src/labs) catalogoDeCategoria('biologia') 1`] = `
[
  {
    "destacada": true,
    "duracion": "30 min",
    "estado": "activo",
    "id": "biologia-1",
    "modulo": "Biología Celular y Molecular",
    "orden": 1,
    "teoria": "Explora la ultraestructura celular haciendo zoom profundo desde el tejido hasta los orgánulos operando en tiempo real.",
    "titulo": "Microscopio Virtual",
  },
  {
    "duracion": "35 min",
    "estado": "activo",
    "id": "biologia-2",
    "modulo": "Biología Celular y Molecular",
    "orden": 2,
    "teoria": "Manipula los gradientes de concentración y observa la ósmosis y la difusión a través de una membrana semipermeable.",
    "titulo": "Transporte Celular",
  },
  {
    "duracion": "40 min",
    "estado": "activo",
    "id": "biologia-3",
    "modulo": "Biología Celular y Molecular",
    "orden": 3,
    "teoria": "Simula el dogma central de la biología: transcribe ADN a ARN mensajero y traduce el código en una cadena de aminoácidos.",
    "titulo": "Síntesis de Proteínas",
  },
  {
    "duracion": "45 min",
    "estado": "activo",
    "id": "biologia-4",
    "modulo": "Biología Celular y Molecular",
    "orden": 4,
    "teoria": "Ajusta la intensidad luminosa y el espectro de color para maximizar la producción de oxígeno en una planta acuática.",
    "titulo": "Laboratorio de Fotosíntesis",
  },
  {
    "duracion": "30 min",
    "estado": "activo",
    "id": "biologia-5",
    "modulo": "Genética y Evolución",
    "orden": 5,
    "teoria": "Cruza fenotipos parentales y analiza estadísticamente las proporciones genéticas de cientos de descendientes generados al instante.",
    "titulo": "Leyes de Mendel",
  },
  {
    "duracion": "40 min",
    "estado": "activo",
    "id": "biologia-6",
    "modulo": "Genética y Evolución",
    "orden": 6,
    "teoria": "Ejerce presión selectiva como depredador en diferentes ecosistemas y observa cómo la población de polillas se adapta para sobrevivir.",
    "titulo": "Selección Natural",
  },
  {
    "duracion": "35 min",
    "estado": "activo",
    "id": "biologia-7",
    "modulo": "Anatomía y Ecología",
    "orden": 7,
    "teoria": "Aplica un estímulo físico y rastrea el impulso eléctrico desde el nervio sensorial hasta la contracción muscular involuntaria.",
    "titulo": "Sistema Nervioso (Arco Reflejo)",
  },
  {
    "duracion": "40 min",
    "estado": "activo",
    "id": "biologia-8",
    "modulo": "Anatomía y Ecología",
    "orden": 8,
    "teoria": "Monitorea la actividad eléctrica del corazón y observa cómo responde el trazado de la onda PQRST ante cambios fisiológicos.",
    "titulo": "Electrocardiograma (ECG)",
  },
  {
    "duracion": "45 min",
    "estado": "activo",
    "id": "biologia-9",
    "modulo": "Anatomía y Ecología",
    "orden": 9,
    "teoria": "Visualiza la acción enzimática descomponiendo macronutrientes a nivel molecular y su posterior absorción en el torrente sanguíneo.",
    "titulo": "Sistema Digestivo",
  },
  {
    "duracion": "35 min",
    "estado": "activo",
    "id": "biologia-10",
    "modulo": "Anatomía y Ecología",
    "orden": 10,
    "teoria": "Altera las tasas de natalidad y depredación en un ecosistema simulado para observar las fluctuaciones del modelo Depredador-Presa.",
    "titulo": "Dinámica de Poblaciones",
  },
]
`;

exports[`golden master — catálogo por categoría (invariante ante extracción a src/labs) catalogoDeCategoria('fisica') 1`] = `
[
  {
    "destacada": true,
    "duracion": "30 min",
    "estado": "activo",
    "id": "fisica-1",
    "modulo": "Mecánica",
    "orden": 1,
    "teoria": "Analiza la trayectoria de un proyectil descomponiendo la velocidad inicial en sus vectores X e Y bajo la influencia de la gravedad.",
    "titulo": "Tiro Parabólico",
  },
  {
    "duracion": "40 min",
    "estado": "activo",
    "id": "fisica-2",
    "modulo": "Mecánica",
    "orden": 2,
    "teoria": "Observa la interacción de las fuerzas normal, peso y fricción en un bloque sobre una rampa con ángulo ajustable.",
    "titulo": "Leyes de Newton (Plano Inclinado)",
  },
  {
    "duracion": "35 min",
    "estado": "activo",
    "id": "fisica-3",
    "modulo": "Mecánica",
    "orden": 3,
    "teoria": "Explora la conservación de la energía mecánica y calcula la gravedad alterando la longitud de la cuerda y la masa.",
    "titulo": "Péndulo Simple",
  },
  {
    "duracion": "30 min",
    "estado": "activo",
    "id": "fisica-4",
    "modulo": "Mecánica",
    "orden": 4,
    "teoria": "Determina la constante elástica de un resorte y grafica su movimiento senoidal en tiempo real.",
    "titulo": "Ley de Hooke (Oscilador Armónico)",
  },
  {
    "duracion": "45 min",
    "estado": "activo",
    "id": "fisica-5",
    "modulo": "Fluidos y Calor",
    "orden": 5,
    "teoria": "Aplica el Principio de Pascal para multiplicar fuerzas en un sistema de émbolos incompresibles y elevar grandes cargas.",
    "titulo": "Sistemas Hidráulicos (Prensa)",
  },
  {
    "duracion": "40 min",
    "estado": "activo",
    "id": "fisica-6",
    "modulo": "Fluidos y Calor",
    "orden": 6,
    "teoria": "Calcula la fuerza de empuje y la densidad sumergiendo distintos materiales en líquidos de diferente densidad.",
    "titulo": "Principio de Arquímedes",
  },
  {
    "duracion": "35 min",
    "estado": "activo",
    "id": "fisica-7",
    "modulo": "Fluidos y Calor",
    "orden": 7,
    "teoria": "Mide la expansión lineal de barras metálicas sometidas a incrementos controlados de temperatura.",
    "titulo": "Dilatación Térmica",
  },
  {
    "duracion": "45 min",
    "estado": "activo",
    "id": "fisica-8",
    "modulo": "Electromagnetismo",
    "orden": 8,
    "teoria": "Construye un circuito básico y analiza la relación directa e inversa entre voltaje, corriente y resistencia.",
    "titulo": "Ley de Ohm (Circuitos DC)",
  },
  {
    "duracion": "30 min",
    "estado": "activo",
    "id": "fisica-9",
    "modulo": "Electromagnetismo",
    "orden": 9,
    "teoria": "Experimenta la atracción y repulsión entre cargas puntuales basándote en la magnitud y distancia de separación.",
    "titulo": "Electrostática",
  },
  {
    "duracion": "50 min",
    "estado": "activo",
    "id": "fisica-10",
    "modulo": "Electromagnetismo",
    "orden": 10,
    "teoria": "Ensambla un motor básico y descubre cómo el flujo de corriente en un campo magnético genera torque mecánico.",
    "titulo": "Motor Eléctrico Simple",
  },
]
`;

exports[`golden master — catálogo por categoría (invariante ante extracción a src/labs) catalogoDeCategoria('matematicas') 1`] = `
[
  {
    "destacada": true,
    "duracion": "30 min",
    "estado": "activo",
    "id": "matematicas-1",
    "modulo": "Álgebra y Funciones",
    "orden": 1,
    "teoria": "Manipula los coeficientes a, b y c de una parábola y observa en tiempo real cómo se transforman sus raíces y su vértice en el plano cartesiano.",
    "titulo": "Explorador de Cuadráticas",
  },
  {
    "duracion": "35 min",
    "estado": "activo",
    "id": "matematicas-2",
    "modulo": "Álgebra y Funciones",
    "orden": 2,
    "teoria": "Ajusta las pendientes y ordenadas de dos rectas para encontrar visual y analíticamente su punto exacto de intersección.",
    "titulo": "Sistemas 2x2",
  },
  {
    "duracion": "40 min",
    "estado": "activo",
    "id": "matematicas-3",
    "modulo": "Álgebra y Funciones",
    "orden": 3,
    "teoria": "Descubre el poder del crecimiento exponencial. Compara la energía liberada entre diferentes magnitudes de sismos usando bases logarítmicas.",
    "titulo": "Logaritmos y Magnitud de Momento (Mw)",
  },
  {
    "duracion": "25 min",
    "estado": "activo",
    "id": "matematicas-4",
    "modulo": "Geometría y Trigonometría",
    "orden": 4,
    "teoria": "Comprueba visualmente la relación fundamental de los triángulos rectángulos mediante la demostración de áreas dinámicas.",
    "titulo": "Teorema de Pitágoras",
  },
  {
    "duracion": "45 min",
    "estado": "activo",
    "id": "matematicas-5",
    "modulo": "Geometría y Trigonometría",
    "orden": 5,
    "teoria": "Proyecta el movimiento circular sobre un eje de tiempo para trazar el origen exacto de las ondas Seno y Coseno.",
    "titulo": "El Círculo Trigonométrico",
  },
  {
    "duracion": "35 min",
    "estado": "activo",
    "id": "matematicas-6",
    "modulo": "Geometría y Trigonometría",
    "orden": 6,
    "teoria": "Aplica matrices de rotación, traslación y escala sobre polígonos, descubriendo las matemáticas detrás de la animación digital.",
    "titulo": "Transformaciones Geométricas",
  },
  {
    "duracion": "40 min",
    "estado": "activo",
    "id": "matematicas-7",
    "modulo": "Geometría y Trigonometría",
    "orden": 7,
    "teoria": "Ajusta el ángulo de un láser al cambiar de medio (aire a vidrio) y calcula el índice de refracción usando funciones trigonométricas.",
    "titulo": "Refracción de la Luz (Snell)",
  },
  {
    "duracion": "45 min",
    "estado": "activo",
    "id": "matematicas-8",
    "modulo": "Cálculo y Probabilidad",
    "orden": 8,
    "teoria": "Desliza un punto sobre una curva y observa cómo la recta tangente actúa como un balancín, revelando la tasa de cambio instantánea.",
    "titulo": "La Derivada",
  },
  {
    "duracion": "40 min",
    "estado": "activo",
    "id": "matematicas-9",
    "modulo": "Cálculo y Probabilidad",
    "orden": 9,
    "teoria": "Aumenta la resolución de los rectángulos bajo la curva para aproximar el área exacta, la base del cálculo integral.",
    "titulo": "Sumas de Riemann",
  },
  {
    "duracion": "30 min",
    "estado": "activo",
    "id": "matematicas-10",
    "modulo": "Cálculo y Probabilidad",
    "orden": 10,
    "teoria": "Deja caer cientos de esferas a través de un tablero de probabilidad y observa cómo el caos converge perfectamente en la Campana de Gauss.",
    "titulo": "Máquina de Galton",
  },
]
`;

exports[`golden master — catálogo por categoría (invariante ante extracción a src/labs) catalogoDeCategoria('mecanica') 1`] = `
[
  {
    "destacada": true,
    "duracion": "40 min",
    "estado": "activo",
    "id": "mecanica-1",
    "modulo": "Autotrónica",
    "orden": 1,
    "simuladorHtml": "/labs/motor-electrico.html",
    "teoria": "Arma un motor síncrono de imanes permanentes y comprende cómo el campo giratorio del estátor produce par sobre el rotor. Diagnostica fallas de fase.",
    "titulo": "Motor Eléctrico de Tracción (PMSM)",
  },
  {
    "duracion": "45 min",
    "estado": "activo",
    "id": "mecanica-2",
    "modulo": "Autotrónica",
    "orden": 2,
    "simuladorHtml": "/labs/motor-combustion.html",
    "teoria": "Ensambla el tren alternativo y recorre el ciclo Otto —admisión, compresión, explosión y escape— relacionando geometría, sincronización y potencia.",
    "titulo": "Motor de Combustión Interna (4 Tiempos)",
  },
  {
    "duracion": "45 min",
    "estado": "activo",
    "id": "mecanica-3",
    "modulo": "Mecatrónica",
    "orden": 3,
    "simuladorHtml": "/labs/brazo-robotico.html",
    "teoria": "Controla la cinemática de un manipulador articulado: posiciona el efector final, calcula el par por articulación y diagnostica el espacio de trabajo.",
    "titulo": "Brazo Robótico de 4 Ejes",
  },
  {
    "duracion": "40 min",
    "estado": "activo",
    "id": "mecanica-4",
    "modulo": "Autotrónica",
    "orden": 4,
    "simuladorHtml": "/labs/inversor-trifasico.html",
    "teoria": "Convierte corriente continua en trifásica mediante conmutación PWM de seis transistores y observa cómo se sintetiza la onda senoidal que alimenta al motor.",
    "titulo": "Inversor Trifásico de Potencia",
  },
  {
    "duracion": "40 min",
    "estado": "activo",
    "id": "mecanica-5",
    "modulo": "Autotrónica",
    "orden": 5,
    "simuladorHtml": "/labs/carga-ev.html",
    "teoria": "Opera la infraestructura de carga rápida en corriente directa: handshake, curva de potencia, gestión térmica y diagnóstico de la sesión de carga.",
    "titulo": "Estación de Carga EV (DC Rápida)",
  },
  {
    "duracion": "40 min",
    "estado": "activo",
    "id": "mecanica-6",
    "modulo": "Autotrónica",
    "orden": 6,
    "simuladorHtml": "/labs/inyeccion-electronica.html",
    "teoria": "Dosificación de combustible por inyectores, mapa de carga del motor y lazo cerrado con la sonda lambda para optimizar la mezcla aire-combustible.",
    "titulo": "Sistema de Inyección Electrónica",
  },
  {
    "duracion": "40 min",
    "estado": "activo",
    "id": "mecanica-7",
    "modulo": "Autotrónica",
    "orden": 7,
    "simuladorHtml": "/labs/frenos-abs.html",
    "teoria": "Modula la presión hidráulica evitando el bloqueo de rueda; analiza el deslizamiento óptimo y la actuación del grupo hidráulico en frenado de emergencia.",
    "titulo": "Frenos ABS (Antibloqueo)",
  },
  {
    "duracion": "45 min",
    "estado": "activo",
    "id": "mecanica-8",
    "modulo": "Autotrónica",
    "orden": 8,
    "simuladorHtml": "/labs/bateria-bms.html",
    "teoria": "Arquitectura de celdas, balanceo del pack y gestión térmica; el BMS vigila estado de carga (SoC) y salud (SoH) para operar con seguridad.",
    "titulo": "Batería de Alto Voltaje y BMS",
  },
  {
    "duracion": "45 min",
    "estado": "activo",
    "id": "mecanica-9",
    "modulo": "Mecatrónica",
    "orden": 9,
    "simuladorHtml": "/labs/plc-neumatica.html",
    "teoria": "Programa un controlador lógico para secuenciar actuadores neumáticos: lógica de escalera, sensores fin de carrera y ciclos automáticos de proceso.",
    "titulo": "PLC y Automatización Neumática",
  },
  {
    "duracion": "40 min",
    "estado": "activo",
    "id": "mecanica-10",
    "modulo": "Autotrónica",
    "orden": 10,
    "simuladorHtml": "/labs/direccion-eps.html",
    "teoria": "Asistencia de par por motor eléctrico en función de la velocidad y el sensor de par en la columna; sintoniza la sensación de dirección y diagnostica fallas.",
    "titulo": "Dirección Asistida Eléctrica (EPS)",
  },
  {
    "duracion": "45 min",
    "estado": "activo",
    "id": "mecanica-11",
    "modulo": "Autotrónica",
    "orden": 11,
    "simuladorHtml": "/labs/escaner-obd.html",
    "teoria": "El diagnóstico a bordo (OBD-II) vigila el motor y las emisiones vía el conector DLC J1962. El alumno lee datos en vivo, cuadro congelado y códigos DTC, y deduce la causa raíz interpretando el ajuste de combustible y la sonda O₂. Normas SAE J1979/J2012, ISO 15031/15765 y NOM-047-SEMARNAT-2014.",
    "titulo": "Escáner OBD-II y Diagnóstico",
  },
  {
    "duracion": "45 min",
    "estado": "activo",
    "id": "mecanica-12",
    "modulo": "Instrumentación",
    "orden": 12,
    "simuladorHtml": "/labs/multimetro.html",
    "teoria": "El DMM entrega lectura ± incertidumbre: U = ±(% de lectura + dígitos) con resolución = rango/6000. El alumno resuelve 4 mediciones (fuente, red de 127 V~, resistor y divisor de alta impedancia), elige rango, interpreta el efecto de carga de los 10 MΩ de entrada y respeta las categorías CAT II/III/IV. Normas IEC 61010-1 y JCGM 100 (GUM) / NMX-CH-140-IMNC-2002.",
    "titulo": "Domina el multímetro: exactitud, resolución y categorías",
  },
  {
    "duracion": "40 min",
    "estado": "activo",
    "id": "mecanica-13",
    "modulo": "Circuitos Eléctricos",
    "orden": 13,
    "simuladorHtml": "/labs/kirchhoff.html",
    "teoria": "Una red de 3 mallas (2 fuentes, 5 resistores) resuelta en vivo por análisis nodal modificado (MNA) — el mismo motor de los simuladores SPICE. El alumno verifica con números reales que ΣI = 0 en cada nodo (LCK) y ΣV = 0 en cada malla (LVK), y en el reto resuelve el sistema 2×2 para predecir V_A y V_B antes de que el esquema los revele. Esquema normalizado IEC 60617; resistores con código de colores de la serie E12.",
    "titulo": "Leyes de Kirchhoff: redes multimalla en vivo",
  },
  {
    "duracion": "40 min",
    "estado": "activo",
    "id": "mecanica-14",
    "modulo": "Electrónica",
    "orden": 14,
    "simuladorHtml": "/labs/diodo.html",
    "teoria": "Un circuito fuente–resistor–diodo resuelto en vivo con la ecuación de Shockley (I = Is·(e^(V/(n·VT)) − 1)) y la ley de temperatura de SPICE2 para Is(T), de la que emerge el coeficiente térmico del silicio (≈ −2 mV/K) sin estar programado a mano. El punto de operación Q se calcula exactamente por bisección sobre la recta de carga; el trazador impone corrientes fijas para levantar la curva en escala lineal y semilogarítmica, y el modo Ajuste extrae n e Is por el método de 2 puntos. El reto pide predecir Vd e Id de un dispositivo desconocido antes de revelar la curva.",
    "titulo": "Curva I-V del diodo: trazador y ajuste exponencial",
  },
  {
    "duracion": "40 min",
    "estado": "activo",
    "id": "mecanica-15",
    "modulo": "Electrónica",
    "orden": 15,
    "simuladorHtml": "/labs/rectificador.html",
    "teoria": "Compara media onda, center-tap y puente sobre el mismo motor de diodo Shockley de la práctica de la curva I-V, ahora con el transitorio exacto del capacitor de filtro integrado por Runge-Kutta 4 (C·dVc/dt = I_diodo(t) − Vc/R_L) en vez de la fórmula lineal de rizo. Calcula PIV específico por topología (Vm−VF en puente vs. 2Vm−VF en media onda con filtro y center-tap), la duplicación de la frecuencia de rizo en las topologías de onda completa, y verifica márgenes de seguridad de corriente y voltaje contra los ratings del diodo elegido (Si 1N4007, Schottky 1N5819 o puente integrado DB107) en cuatro modos: Explora, Predicción, Barrido de capacitancia y Reto de diseño.",
    "titulo": "Rectificadores: Media Onda, Center-Tap y Puente",
  },
  {
    "duracion": "40 min",
    "estado": "activo",
    "id": "mecanica-16",
    "modulo": "Electrónica",
    "orden": 16,
    "simuladorHtml": "/labs/zener.html",
    "teoria": "Modela un diodo zener en avalancha controlada como regulador shunt (Rs serie + zener en paralelo con RL), resolviendo el punto de operación exacto por bisección numérica sobre el modelo lineal por tramos de hoja de datos (corte, codo, avalancha) para tres dispositivos reales (1N4728A, 1N4733A, 1N5231B). Verifica la ventana de corriente segura (Izk ≤ Iz ≤ Izm) y mide la regulación de línea contra la fórmula teórica de pequeña señal Rp/(Rp+Rs) en cuatro modos: Explora, Predicción, Barrido y Reto de diseño de Rs.",
    "titulo": "Diodo Zener: Regulador Shunt de Voltaje",
  },
  {
    "duracion": "40 min",
    "estado": "activo",
    "id": "mecanica-17",
    "modulo": "Electrónica",
    "orden": 17,
    "simuladorHtml": "/labs/fuentelineal.html",
    "teoria": "Modela la cadena completa de una fuente lineal: transformador reductor ideal (5 taps de 6 a 18 V), puente rectificador de silicio con el mismo modelo de Shockley de dos uniones en serie (Is=8.4e-10 A, n=1.85) del banco de rectificación, capacitor de filtro (100 µF–4700 µF) integrado por Runge-Kutta de 4º orden exacto contra la corriente real demandada, y regulador lineal de 3 terminales tipo 7805 con dropout dependiente de corriente, pérdida de regulación muestra a muestra y limitación de corriente (foldback) ilustrativa. Calcula la disipación de potencia del regulador de dos formas (exacta y por fórmula de libro de texto) y la temperatura de unión en estado estable contra un disipador seleccionable, en cuatro modos: Explora, Predicción, Barrido y Reto de diseño térmico.",
    "titulo": "Fuente de Alimentación Lineal Regulada",
  },
  {
    "duracion": "35 min",
    "estado": "activo",
    "id": "mecanica-18",
    "modulo": "Electrónica",
    "orden": 18,
    "simuladorHtml": "/labs/protecciondiodo.html",
    "teoria": "Compara dos topologías de diodo sobre la misma ecuación de Shockley. En conducción (lazo serie Vs–Rs–dispositivo), contrasta LED (Is=1e-14 A, n=2.6), Schottky tipo 1N5819 (Is=9.3e-8 A, n=1.373) y silicio tipo 1N4007 (Is=8.4e-10 A, n=1.85) para mostrar cómo la caída directa de cada familia obliga a decisiones de diseño distintas, incluyendo el cálculo del resistor limitador R=(Vs−Vf)/If. En protección (lazo shunt), contrasta un zener 1N4733A (modelo lineal por tramos VZ/IZT/ZZT/IZK/ZZK/IZM) contra un TVS SMAJ5.0A (modelo lineal por 2 tramos anclado a VBR(mín)=6.4 V y VC(máx)=9.2 V@43.5 A) para mostrar por qué el TVS clampea transitorios con una resistencia dinámica mucho menor. Ambas topologías se resuelven por bisección numérica exacta, en cuatro modos: Explora, Predicción, Barrido y Reto de diseño de protección.",
    "titulo": "LED, Schottky y TVS: Selección de Dispositivo y Protección",
  },
  {
    "duracion": "35 min",
    "estado": "activo",
    "id": "mecanica-19",
    "modulo": "Electrónica",
    "orden": 19,
    "simuladorHtml": "/labs/polarizacionbjt.html",
    "teoria": "Compara polarización fija (una resistencia RB desde VCC) y por divisor de voltaje (R1/R2 más resistencia de emisor RE) sobre el mismo transistor NPN (BC547B o 2N3904), usando el modelo estándar de VBE(on)=0.7 V constante y una fórmula unificada de Thevenin IB=(VBB−VBE(on))/(RBB+(β+1)·RE) evaluada por regiones de operación (corte, activa, saturación) para ubicar el punto Q real sobre la recta de carga. El criterio de 'divisor rígido' (RBB≤0.1·β·RE) muestra por qué el divisor de voltaje estabiliza el punto Q frente a la dispersión real de fábrica de β, mientras que la polarización fija no. Cuatro modos: Explora, Predicción, Barrido de β y Reto de diseño de divisor rígido.",
    "titulo": "Polarización de BJT: Punto de Operación Q",
  },
  {
    "duracion": "35 min",
    "estado": "activo",
    "id": "mecanica-20",
    "modulo": "Electrónica",
    "orden": 20,
    "simuladorHtml": "/labs/diodomarchalibre.html",
    "teoria": "Al abrir el switch que alimenta una carga inductiva (relevador de 5 V, relevador/solenoide de 12 V o motor DC con rotor detenido), la energía almacenada en el campo magnético de la bobina (E=½·L·I²) exige una trayectoria de descarga. El simulador resuelve en forma cerrada tres topologías de protección — sin protección (cualitativo, sin física real), diodo de marcha libre (decaimiento exponencial, τ=L/R, con comparación explícita entre la energía disipada exacta y la aproximación de bolsillo ≈2·Vf/Vsupply) y clamp activo por zener (decaimiento lineal más rápido, Vclamp=Vz+Vf, a costa de un voltaje pico mayor sobre el switch) — y siempre declara el factor de cámara lenta con el que reproduce el transitorio real de microsegundos a milisegundos. Cuatro modos: Explora, Predicción, Medición/Barrido con verificación de τ, y Reto de diseño con solvabilidad garantizada.",
    "titulo": "Conmutación de Carga Inductiva y Diodo de Marcha Libre",
  },
]
`;

exports[`golden master — catálogo por categoría (invariante ante extracción a src/labs) catalogoDeCategoria('quimica') 1`] = `
[
  {
    "duracion": "30 min",
    "estado": "activo",
    "id": "quimica-1",
    "modulo": "Fundamentos",
    "orden": 1,
    "teoria": "Comprende la relación de partículas subatómicas, calculando la masa y carga neta para lograr la estabilidad isotópica.",
    "titulo": "Construcción Atómica e Isótopos",
  },
  {
    "duracion": "40 min",
    "estado": "activo",
    "id": "quimica-2",
    "modulo": "Fundamentos",
    "orden": 2,
    "teoria": "Analiza la relación PV=nRT y las leyes de Boyle y Charles alterando el volumen y la temperatura bajo estrés de presión.",
    "titulo": "Leyes de los Gases (Cámara de Presión)",
  },
  {
    "duracion": "35 min",
    "estado": "activo",
    "id": "quimica-3",
    "modulo": "Estequiometría",
    "orden": 3,
    "teoria": "Aplica la ley de la conservación de la masa ajustando los coeficientes matemáticos de reactivos y productos.",
    "titulo": "Balanceo Estequiométrico",
  },
  {
    "duracion": "45 min",
    "estado": "activo",
    "id": "quimica-4",
    "modulo": "Estequiometría",
    "orden": 4,
    "teoria": "Identifica matemáticamente el reactivo que se consume primero en una síntesis y calcula el sobrante en exceso.",
    "titulo": "Fábrica de Reactivo Limitante",
  },
  {
    "duracion": "45 min",
    "estado": "activo",
    "id": "quimica-5",
    "modulo": "Estequiometría",
    "orden": 5,
    "teoria": "Domina la técnica analítica: cálculo exacto de molaridad, pesaje descontando tara y técnica precisa de aforo.",
    "titulo": "Preparación de Soluciones Molares",
  },
  {
    "duracion": "35 min",
    "estado": "activo",
    "id": "quimica-6",
    "modulo": "Estequiometría",
    "orden": 6,
    "teoria": "Experimenta la sobresaturación dependiente de temperatura y provoca la precipitación por choque térmico.",
    "titulo": "Solubilidad y Cristalización",
  },
  {
    "destacada": true,
    "duracion": "50 min",
    "estado": "activo",
    "id": "quimica-7",
    "modulo": "Fisicoquímica",
    "orden": 7,
    "teoria": "Determina concentraciones desconocidas calculando la curva de pH y dominando el control de la bureta gota a gota.",
    "titulo": "Titulación Ácido-Base",
  },
  {
    "duracion": "35 min",
    "estado": "activo",
    "id": "quimica-8",
    "modulo": "Fisicoquímica",
    "orden": 8,
    "teoria": "Observa y documenta el desplazamiento visual de una reacción reversible al someter el sistema a estrés térmico.",
    "titulo": "Equilibrio Químico (Le Châtelier)",
  },
  {
    "duracion": "45 min",
    "estado": "activo",
    "id": "quimica-9",
    "modulo": "Fisicoquímica",
    "orden": 9,
    "teoria": "Ensambla una pila funcional identificando ánodo y cátodo, asegurando el flujo de electrones y el potencial de celda.",
    "titulo": "Celdas Galvánicas (Electroquímica)",
  },
  {
    "duracion": "40 min",
    "estado": "activo",
    "id": "quimica-10",
    "modulo": "Fisicoquímica",
    "orden": 10,
    "teoria": "Separa mezclas homogéneas controlando finamente la temperatura basándote en los puntos de ebullición específicos.",
    "titulo": "Destilación Fraccionada",
  },
]
`;

exports[`golden master — catálogo por categoría (invariante ante extracción a src/labs) inventario de ids del catálogo es estable 1`] = `
[
  "biologia-1",
  "biologia-10",
  "biologia-2",
  "biologia-3",
  "biologia-4",
  "biologia-5",
  "biologia-6",
  "biologia-7",
  "biologia-8",
  "biologia-9",
  "fisica-1",
  "fisica-10",
  "fisica-2",
  "fisica-3",
  "fisica-4",
  "fisica-5",
  "fisica-6",
  "fisica-7",
  "fisica-8",
  "fisica-9",
  "matematicas-1",
  "matematicas-10",
  "matematicas-2",
  "matematicas-3",
  "matematicas-4",
  "matematicas-5",
  "matematicas-6",
  "matematicas-7",
  "matematicas-8",
  "matematicas-9",
  "mecanica-1",
  "mecanica-10",
  "mecanica-11",
  "mecanica-12",
  "mecanica-13",
  "mecanica-14",
  "mecanica-15",
  "mecanica-16",
  "mecanica-17",
  "mecanica-18",
  "mecanica-19",
  "mecanica-2",
  "mecanica-20",
  "mecanica-3",
  "mecanica-4",
  "mecanica-5",
  "mecanica-6",
  "mecanica-7",
  "mecanica-8",
  "mecanica-9",
  "quimica-1",
  "quimica-10",
  "quimica-2",
  "quimica-3",
  "quimica-4",
  "quimica-5",
  "quimica-6",
  "quimica-7",
  "quimica-8",
  "quimica-9",
]
`;
